Release 13.1 - xst O.40d (lin64)
Copyright (c) 1995-2011 Xilinx, Inc.  All rights reserved.
--> 
Parameter TMPDIR set to xst/projnav.tmp


Total REAL time to Xst completion: 0.00 secs
Total CPU time to Xst completion: 0.08 secs
 
--> 
Parameter xsthdpdir set to xst


Total REAL time to Xst completion: 0.00 secs
Total CPU time to Xst completion: 0.08 secs
 
--> 
Reading design: Top_Level.prj

TABLE OF CONTENTS
  1) Synthesis Options Summary
  2) HDL Compilation
  3) Design Hierarchy Analysis
  4) HDL Analysis
  5) HDL Synthesis
     5.1) HDL Synthesis Report
  6) Advanced HDL Synthesis
     6.1) Advanced HDL Synthesis Report
  7) Low Level Synthesis
  8) Partition Report
  9) Final Report
	9.1) Device utilization summary
	9.2) Partition Resource Summary
	9.3) TIMING REPORT


=========================================================================
*                      Synthesis Options Summary                        *
=========================================================================
---- Source Parameters
Input File Name                    : "Top_Level.prj"
Input Format                       : mixed
Ignore Synthesis Constraint File   : NO

---- Target Parameters
Output File Name                   : "Top_Level"
Output Format                      : NGC
Target Device                      : xc3s250e-5-vq100

---- Source Options
Top Module Name                    : Top_Level
Automatic FSM Extraction           : YES
FSM Encoding Algorithm             : Auto
Safe Implementation                : No
FSM Style                          : LUT
RAM Extraction                     : Yes
RAM Style                          : Auto
ROM Extraction                     : Yes
Mux Style                          : Auto
Decoder Extraction                 : YES
Priority Encoder Extraction        : Yes
Shift Register Extraction          : YES
Logical Shifter Extraction         : YES
XOR Collapsing                     : YES
ROM Style                          : Auto
Mux Extraction                     : Yes
Resource Sharing                   : YES
Asynchronous To Synchronous        : NO
Multiplier Style                   : LUT
Automatic Register Balancing       : No

---- Target Options
Add IO Buffers                     : YES
Global Maximum Fanout              : 100000
Add Generic Clock Buffer(BUFG)     : 24
Register Duplication               : YES
Slice Packing                      : YES
Optimize Instantiated Primitives   : NO
Use Clock Enable                   : Yes
Use Synchronous Set                : Yes
Use Synchronous Reset              : Yes
Pack IO Registers into IOBs        : Auto
Equivalent register Removal        : YES

---- General Options
Optimization Goal                  : Speed
Optimization Effort                : 1
Keep Hierarchy                     : No
Netlist Hierarchy                  : As_Optimized
RTL Output                         : Yes
Global Optimization                : AllClockNets
Read Cores                         : YES
Write Timing Constraints           : NO
Cross Clock Analysis               : NO
Hierarchy Separator                : /
Bus Delimiter                      : <>
Case Specifier                     : Maintain
Slice Utilization Ratio            : 100
BRAM Utilization Ratio             : 100
Verilog 2001                       : YES
Auto BRAM Packing                  : NO
Slice Utilization Ratio Delta      : 5

---- Other Options
Cores Search Directories           : {"ipcore_dir"  }

=========================================================================


=========================================================================
*                          HDL Compilation                              *
=========================================================================
Compiling vhdl file "/home/matt/Programming/VHDL/FpgaSequencer/Sequencer/Triangle_Ram.vhd" in Library work.
Architecture behavioral of Entity triangle_ram is up to date.
Compiling vhdl file "/home/matt/Programming/VHDL/FpgaSequencer/Sequencer/Sine_Ram.vhd" in Library work.
Architecture behavioral of Entity sine_ram is up to date.
Compiling vhdl file "/home/matt/Programming/VHDL/FpgaSequencer/Sequencer/ipcore_dir/multiplier.vhd" in Library work.
Architecture multiplier_a of Entity multiplier is up to date.
Compiling vhdl file "/home/matt/Programming/VHDL/FpgaSequencer/Sequencer/Tone_Mixer.vhd" in Library work.
Architecture behavioral of Entity tone_mixer is up to date.
Compiling vhdl file "/home/matt/Programming/VHDL/FpgaSequencer/Sequencer/Clock_Divider.vhd" in Library work.
Architecture behavioral of Entity clock_divider is up to date.
Compiling vhdl file "/home/matt/Programming/VHDL/FpgaSequencer/Sequencer/Sine_Generator.vhd" in Library work.
Architecture behavioral of Entity sine_generator is up to date.
Compiling vhdl file "/home/matt/Programming/VHDL/FpgaSequencer/Sequencer/Square_Generator.vhd" in Library work.
Architecture behavioral of Entity square_generator is up to date.
Compiling vhdl file "/home/matt/Programming/VHDL/FpgaSequencer/Sequencer/Sawtooth_Generator.vhd" in Library work.
Architecture behavioral of Entity sawtooth_generator is up to date.
Compiling vhdl file "/home/matt/Programming/VHDL/FpgaSequencer/Sequencer/Triangle_Generator.vhd" in Library work.
Architecture behavioral of Entity triangle_generator is up to date.
Compiling vhdl file "/home/matt/Programming/VHDL/FpgaSequencer/Sequencer/Top_Level.vhd" in Library work.
Entity <top_level> compiled.
Entity <top_level> (Architecture <behavioral>) compiled.

=========================================================================
*                     Design Hierarchy Analysis                         *
=========================================================================
Analyzing hierarchy for entity <Top_Level> in library <work> (architecture <behavioral>).

Analyzing hierarchy for entity <Tone_Mixer> in library <work> (architecture <behavioral>).

Analyzing hierarchy for entity <Clock_Divider> in library <work> (architecture <behavioral>).

Analyzing hierarchy for entity <Sine_Generator> in library <work> (architecture <behavioral>).

Analyzing hierarchy for entity <Square_Generator> in library <work> (architecture <behavioral>).

Analyzing hierarchy for entity <Sawtooth_Generator> in library <work> (architecture <behavioral>).

Analyzing hierarchy for entity <Triangle_Generator> in library <work> (architecture <behavioral>).

Analyzing hierarchy for entity <sine_ram> in library <work> (architecture <behavioral>).

Analyzing hierarchy for entity <Triangle_Ram> in library <work> (architecture <behavioral>).


=========================================================================
*                            HDL Analysis                               *
=========================================================================
Analyzing Entity <Top_Level> in library <work> (Architecture <behavioral>).
Entity <Top_Level> analyzed. Unit <Top_Level> generated.

Analyzing Entity <Tone_Mixer> in library <work> (Architecture <behavioral>).
WARNING:Xst:2211 - "/home/matt/Programming/VHDL/FpgaSequencer/Sequencer/Tone_Mixer.vhd" line 93: Instantiating black box module <multiplier>.
INFO:Xst:1561 - "/home/matt/Programming/VHDL/FpgaSequencer/Sequencer/Tone_Mixer.vhd" line 235: Mux is complete : default of case is discarded
INFO:Xst:2679 - Register <POST_A<15>> in unit <Tone_Mixer> has a constant value of 0 during circuit operation. The register is replaced by logic.
INFO:Xst:2679 - Register <POST_A<14>> in unit <Tone_Mixer> has a constant value of 0 during circuit operation. The register is replaced by logic.
INFO:Xst:2679 - Register <POST_A<13>> in unit <Tone_Mixer> has a constant value of 0 during circuit operation. The register is replaced by logic.
INFO:Xst:2679 - Register <POST_A<12>> in unit <Tone_Mixer> has a constant value of 0 during circuit operation. The register is replaced by logic.
INFO:Xst:2679 - Register <POST_A<11>> in unit <Tone_Mixer> has a constant value of 0 during circuit operation. The register is replaced by logic.
INFO:Xst:2679 - Register <POST_A<10>> in unit <Tone_Mixer> has a constant value of 0 during circuit operation. The register is replaced by logic.
INFO:Xst:2679 - Register <POST_A<9>> in unit <Tone_Mixer> has a constant value of 0 during circuit operation. The register is replaced by logic.
INFO:Xst:2679 - Register <POST_A<8>> in unit <Tone_Mixer> has a constant value of 0 during circuit operation. The register is replaced by logic.
INFO:Xst:2679 - Register <POST_B<15>> in unit <Tone_Mixer> has a constant value of 0 during circuit operation. The register is replaced by logic.
INFO:Xst:2679 - Register <POST_B<14>> in unit <Tone_Mixer> has a constant value of 0 during circuit operation. The register is replaced by logic.
INFO:Xst:2679 - Register <POST_B<13>> in unit <Tone_Mixer> has a constant value of 0 during circuit operation. The register is replaced by logic.
INFO:Xst:2679 - Register <POST_B<12>> in unit <Tone_Mixer> has a constant value of 0 during circuit operation. The register is replaced by logic.
INFO:Xst:2679 - Register <POST_B<11>> in unit <Tone_Mixer> has a constant value of 0 during circuit operation. The register is replaced by logic.
INFO:Xst:2679 - Register <POST_B<10>> in unit <Tone_Mixer> has a constant value of 0 during circuit operation. The register is replaced by logic.
INFO:Xst:2679 - Register <POST_B<9>> in unit <Tone_Mixer> has a constant value of 0 during circuit operation. The register is replaced by logic.
INFO:Xst:2679 - Register <POST_B<8>> in unit <Tone_Mixer> has a constant value of 0 during circuit operation. The register is replaced by logic.
INFO:Xst:2679 - Register <POST_C<15>> in unit <Tone_Mixer> has a constant value of 0 during circuit operation. The register is replaced by logic.
INFO:Xst:2679 - Register <POST_C<14>> in unit <Tone_Mixer> has a constant value of 0 during circuit operation. The register is replaced by logic.
INFO:Xst:2679 - Register <POST_C<13>> in unit <Tone_Mixer> has a constant value of 0 during circuit operation. The register is replaced by logic.
INFO:Xst:2679 - Register <POST_C<12>> in unit <Tone_Mixer> has a constant value of 0 during circuit operation. The register is replaced by logic.
INFO:Xst:2679 - Register <POST_C<11>> in unit <Tone_Mixer> has a constant value of 0 during circuit operation. The register is replaced by logic.
INFO:Xst:2679 - Register <POST_C<10>> in unit <Tone_Mixer> has a constant value of 0 during circuit operation. The register is replaced by logic.
INFO:Xst:2679 - Register <POST_C<9>> in unit <Tone_Mixer> has a constant value of 0 during circuit operation. The register is replaced by logic.
INFO:Xst:2679 - Register <POST_C<8>> in unit <Tone_Mixer> has a constant value of 0 during circuit operation. The register is replaced by logic.
INFO:Xst:2679 - Register <POST_D<15>> in unit <Tone_Mixer> has a constant value of 0 during circuit operation. The register is replaced by logic.
INFO:Xst:2679 - Register <POST_D<14>> in unit <Tone_Mixer> has a constant value of 0 during circuit operation. The register is replaced by logic.
INFO:Xst:2679 - Register <POST_D<13>> in unit <Tone_Mixer> has a constant value of 0 during circuit operation. The register is replaced by logic.
INFO:Xst:2679 - Register <POST_D<12>> in unit <Tone_Mixer> has a constant value of 0 during circuit operation. The register is replaced by logic.
INFO:Xst:2679 - Register <POST_D<11>> in unit <Tone_Mixer> has a constant value of 0 during circuit operation. The register is replaced by logic.
INFO:Xst:2679 - Register <POST_D<10>> in unit <Tone_Mixer> has a constant value of 0 during circuit operation. The register is replaced by logic.
INFO:Xst:2679 - Register <POST_D<9>> in unit <Tone_Mixer> has a constant value of 0 during circuit operation. The register is replaced by logic.
INFO:Xst:2679 - Register <POST_D<8>> in unit <Tone_Mixer> has a constant value of 0 during circuit operation. The register is replaced by logic.
Entity <Tone_Mixer> analyzed. Unit <Tone_Mixer> generated.

Analyzing Entity <Clock_Divider> in library <work> (Architecture <behavioral>).
Entity <Clock_Divider> analyzed. Unit <Clock_Divider> generated.

Analyzing Entity <Sine_Generator> in library <work> (Architecture <behavioral>).
Entity <Sine_Generator> analyzed. Unit <Sine_Generator> generated.

Analyzing Entity <sine_ram> in library <work> (Architecture <behavioral>).
Entity <sine_ram> analyzed. Unit <sine_ram> generated.

Analyzing Entity <Square_Generator> in library <work> (Architecture <behavioral>).
Entity <Square_Generator> analyzed. Unit <Square_Generator> generated.

Analyzing Entity <Sawtooth_Generator> in library <work> (Architecture <behavioral>).
Entity <Sawtooth_Generator> analyzed. Unit <Sawtooth_Generator> generated.

Analyzing Entity <Triangle_Generator> in library <work> (Architecture <behavioral>).
Entity <Triangle_Generator> analyzed. Unit <Triangle_Generator> generated.

Analyzing Entity <Triangle_Ram> in library <work> (Architecture <behavioral>).
Entity <Triangle_Ram> analyzed. Unit <Triangle_Ram> generated.


=========================================================================
*                           HDL Synthesis                               *
=========================================================================

Performing bidirectional port resolution...

Synthesizing Unit <Clock_Divider>.
    Related source file is "/home/matt/Programming/VHDL/FpgaSequencer/Sequencer/Clock_Divider.vhd".
    Found 1-bit register for signal <OUTPUT>.
    Found 8-bit up counter for signal <COUNTER>.
    Found 8-bit comparator equal for signal <COUNTER$cmp_eq0000> created at line 51.
    Summary:
	inferred   1 Counter(s).
	inferred   1 D-type flip-flop(s).
	inferred   1 Comparator(s).
Unit <Clock_Divider> synthesized.


Synthesizing Unit <Square_Generator>.
    Related source file is "/home/matt/Programming/VHDL/FpgaSequencer/Sequencer/Square_Generator.vhd".
    Found 8-bit register for signal <OUTPUT>.
    Found 8-bit up accumulator for signal <COUNT>.
    Found 8-bit adder for signal <COUNT$add0000>.
    Found 8-bit comparator greater for signal <OUTPUT$cmp_gt0000> created at line 58.
    Found 8-bit register for signal <PHASE_DIFF>.
    Found 8-bit adder for signal <PHASE_DIFF$sub0000> created at line 54.
    Found 8-bit register for signal <PHASE_VALUE>.
    Summary:
	inferred   1 Accumulator(s).
	inferred  24 D-type flip-flop(s).
	inferred   2 Adder/Subtractor(s).
	inferred   1 Comparator(s).
Unit <Square_Generator> synthesized.


Synthesizing Unit <Sawtooth_Generator>.
    Related source file is "/home/matt/Programming/VHDL/FpgaSequencer/Sequencer/Sawtooth_Generator.vhd".
    Found 8-bit up accumulator for signal <COUNTER>.
    Found 8-bit adder for signal <COUNTER$add0000>.
    Found 8-bit register for signal <PHASE_DIFF>.
    Found 8-bit adder for signal <PHASE_DIFF$sub0000> created at line 53.
    Found 8-bit register for signal <PHASE_VALUE>.
    Summary:
	inferred   1 Accumulator(s).
	inferred  16 D-type flip-flop(s).
	inferred   2 Adder/Subtractor(s).
Unit <Sawtooth_Generator> synthesized.


Synthesizing Unit <sine_ram>.
    Related source file is "/home/matt/Programming/VHDL/FpgaSequencer/Sequencer/Sine_Ram.vhd".
WARNING:Xst:1781 - Signal <RAM> is used but never assigned. Tied to default value.
    Found 256x8-bit ROM for signal <$varindex0000> created at line 49.
    Found 8-bit register for signal <OUTPUT_DATA>.
    Summary:
	inferred   1 ROM(s).
	inferred   8 D-type flip-flop(s).
Unit <sine_ram> synthesized.


Synthesizing Unit <Triangle_Ram>.
    Related source file is "/home/matt/Programming/VHDL/FpgaSequencer/Sequencer/Triangle_Ram.vhd".
WARNING:Xst:1781 - Signal <RAM> is used but never assigned. Tied to default value.
    Found 256x8-bit ROM for signal <$varindex0000> created at line 53.
    Found 8-bit register for signal <OUTPUT_DATA>.
    Summary:
	inferred   1 ROM(s).
	inferred   8 D-type flip-flop(s).
Unit <Triangle_Ram> synthesized.


Synthesizing Unit <Tone_Mixer>.
    Related source file is "/home/matt/Programming/VHDL/FpgaSequencer/Sequencer/Tone_Mixer.vhd".
WARNING:Xst:1780 - Signal <SELECT_SIGNAL> is never used or assigned. This unconnected signal will be trimmed during the optimization process.
WARNING:Xst:1780 - Signal <PRE_OUT> is never used or assigned. This unconnected signal will be trimmed during the optimization process.
WARNING:Xst:1780 - Signal <NUM_SIGNALS> is never used or assigned. This unconnected signal will be trimmed during the optimization process.
WARNING:Xst:1780 - Signal <MULT_OUT_MIX> is never used or assigned. This unconnected signal will be trimmed during the optimization process.
WARNING:Xst:646 - Signal <MULT_OUT<7:0>> is assigned but never used. This unconnected signal will be trimmed during the optimization process.
WARNING:Xst:1780 - Signal <MOD_OUT> is never used or assigned. This unconnected signal will be trimmed during the optimization process.
    Register <PRE_D> equivalent to <PRE_C> has been removed
    Using one-hot encoding for signal <MULT_SELECT>.
    Found 8-bit register for signal <OUTPUT>.
    Found 8-bit register for signal <MOD_A>.
    Found 8-bit register for signal <MOD_B>.
    Found 16-bit register for signal <MULT_A>.
    Found 16-bit register for signal <MULT_A_MIX>.
    Found 16-bit adder for signal <MULT_A_MIX$add0000> created at line 166.
    Found 16-bit adder for signal <MULT_A_MIX$addsub0000> created at line 166.
    Found 16-bit adder for signal <MULT_A_MIX$addsub0001> created at line 166.
    Found 8-bit register for signal <MULT_B>.
    Found 8-bit register for signal <MULT_B_MIX>.
    Found 25-bit register for signal <MULT_SELECT>.
    Found 8-bit register for signal <POST_A<7:0>>.
    Found 8-bit register for signal <POST_B<7:0>>.
    Found 8-bit register for signal <POST_C<7:0>>.
    Found 8-bit register for signal <POST_D<7:0>>.
    Found 8-bit register for signal <PRE_A>.
    Found 8-bit register for signal <PRE_B>.
    Found 8-bit register for signal <PRE_C>.
    Summary:
	inferred 153 D-type flip-flop(s).
	inferred   3 Adder/Subtractor(s).
Unit <Tone_Mixer> synthesized.


Synthesizing Unit <Sine_Generator>.
    Related source file is "/home/matt/Programming/VHDL/FpgaSequencer/Sequencer/Sine_Generator.vhd".
WARNING:Xst:1780 - Signal <STEP_VALUE> is never used or assigned. This unconnected signal will be trimmed during the optimization process.
    Found 8-bit register for signal <PHASE_DIFF>.
    Found 8-bit subtractor for signal <PHASE_DIFF$sub0000> created at line 72.
    Found 8-bit register for signal <PHASE_VALUE>.
    Found 8-bit up accumulator for signal <POSITION_COUNTER>.
    Found 8-bit adder for signal <POSITION_COUNTER$add0000>.
    Summary:
	inferred   1 Accumulator(s).
	inferred  16 D-type flip-flop(s).
	inferred   2 Adder/Subtractor(s).
Unit <Sine_Generator> synthesized.


Synthesizing Unit <Triangle_Generator>.
    Related source file is "/home/matt/Programming/VHDL/FpgaSequencer/Sequencer/Triangle_Generator.vhd".
    Found 8-bit register for signal <PHASE_DIFF>.
    Found 8-bit adder for signal <PHASE_DIFF$sub0000> created at line 67.
    Found 8-bit register for signal <PHASE_VALUE>.
    Found 8-bit up accumulator for signal <POSITION_COUNTER>.
    Found 8-bit adder for signal <POSITION_COUNTER$add0000>.
    Summary:
	inferred   1 Accumulator(s).
	inferred  16 D-type flip-flop(s).
	inferred   2 Adder/Subtractor(s).
Unit <Triangle_Generator> synthesized.


Synthesizing Unit <Top_Level>.
    Related source file is "/home/matt/Programming/VHDL/FpgaSequencer/Sequencer/Top_Level.vhd".
    Found 8-bit register for signal <SOUND_OUT>.
    Summary:
	inferred   8 D-type flip-flop(s).
Unit <Top_Level> synthesized.


=========================================================================
HDL Synthesis Report

Macro Statistics
# ROMs                                                 : 3
 256x8-bit ROM                                         : 3
# Adders/Subtractors                                   : 13
 16-bit adder                                          : 3
 8-bit adder                                           : 8
 8-bit subtractor                                      : 2
# Counters                                             : 2
 8-bit up counter                                      : 2
# Accumulators                                         : 5
 8-bit up accumulator                                  : 5
# Registers                                            : 75
 1-bit register                                        : 50
 16-bit register                                       : 1
 25-bit register                                       : 1
 8-bit register                                        : 23
# Comparators                                          : 3
 8-bit comparator equal                                : 2
 8-bit comparator greater                              : 1

=========================================================================

=========================================================================
*                       Advanced HDL Synthesis                          *
=========================================================================

Reading core <ipcore_dir/multiplier.ngc>.
Loading core <multiplier> for timing and area information for instance <your_instance_name>.
WARNING:Xst:1290 - Hierarchical block <Inst_Square_Generator> is unconnected in block <Top_Level>.
   It will be removed from the design.
WARNING:Xst:1290 - Hierarchical block <Inst_Triangle_Generator> is unconnected in block <Top_Level>.
   It will be removed from the design.
INFO:Xst:2261 - The FF/Latch <PRE_C_0> in Unit <Inst_Tone_Mixer> is equivalent to the following 7 FFs/Latches, which will be removed : <PRE_C_1> <PRE_C_2> <PRE_C_3> <PRE_C_4> <PRE_C_5> <PRE_C_6> <PRE_C_7> 
INFO:Xst:2261 - The FF/Latch <MULT_B_MIX_0> in Unit <Inst_Tone_Mixer> is equivalent to the following 6 FFs/Latches, which will be removed : <MULT_B_MIX_1> <MULT_B_MIX_2> <MULT_B_MIX_3> <MULT_B_MIX_4> <MULT_B_MIX_5> <MULT_B_MIX_6> 
INFO:Xst:2261 - The FF/Latch <PHASE_VALUE_0> in Unit <Inst_Sawtooth_Generator> is equivalent to the following 6 FFs/Latches, which will be removed : <PHASE_VALUE_1> <PHASE_VALUE_2> <PHASE_VALUE_3> <PHASE_VALUE_4> <PHASE_VALUE_5> <PHASE_VALUE_6> 
WARNING:Xst:1426 - The value init of the FF/Latch PHASE_VALUE_7 hinder the constant cleaning in the block Inst_Sawtooth_Generator.
   You should achieve better results by setting this init to 1.
WARNING:Xst:1293 - FF/Latch <PHASE_VALUE_0> has a constant value of 0 in block <Inst_Sawtooth_Generator>. This FF/Latch will be trimmed during the optimization process.
WARNING:Xst:1293 - FF/Latch <PHASE_VALUE_7> has a constant value of 0 in block <Inst_Sine_Generator>. This FF/Latch will be trimmed during the optimization process.
WARNING:Xst:1293 - FF/Latch <PHASE_VALUE_6> has a constant value of 0 in block <Inst_Sine_Generator>. This FF/Latch will be trimmed during the optimization process.
WARNING:Xst:1293 - FF/Latch <PHASE_VALUE_5> has a constant value of 0 in block <Inst_Sine_Generator>. This FF/Latch will be trimmed during the optimization process.
WARNING:Xst:1293 - FF/Latch <PHASE_VALUE_4> has a constant value of 0 in block <Inst_Sine_Generator>. This FF/Latch will be trimmed during the optimization process.
WARNING:Xst:1293 - FF/Latch <PHASE_VALUE_3> has a constant value of 0 in block <Inst_Sine_Generator>. This FF/Latch will be trimmed during the optimization process.
WARNING:Xst:1293 - FF/Latch <PHASE_VALUE_2> has a constant value of 0 in block <Inst_Sine_Generator>. This FF/Latch will be trimmed during the optimization process.
WARNING:Xst:1293 - FF/Latch <PHASE_VALUE_1> has a constant value of 0 in block <Inst_Sine_Generator>. This FF/Latch will be trimmed during the optimization process.
WARNING:Xst:1293 - FF/Latch <PHASE_VALUE_0> has a constant value of 0 in block <Inst_Sine_Generator>. This FF/Latch will be trimmed during the optimization process.
WARNING:Xst:1293 - FF/Latch <PHASE_VALUE_7> has a constant value of 0 in block <Modulator_Sine_Generator>. This FF/Latch will be trimmed during the optimization process.
WARNING:Xst:1293 - FF/Latch <PHASE_VALUE_6> has a constant value of 0 in block <Modulator_Sine_Generator>. This FF/Latch will be trimmed during the optimization process.
WARNING:Xst:1293 - FF/Latch <PHASE_VALUE_5> has a constant value of 0 in block <Modulator_Sine_Generator>. This FF/Latch will be trimmed during the optimization process.
WARNING:Xst:1293 - FF/Latch <PHASE_VALUE_4> has a constant value of 0 in block <Modulator_Sine_Generator>. This FF/Latch will be trimmed during the optimization process.
WARNING:Xst:1293 - FF/Latch <PHASE_VALUE_3> has a constant value of 0 in block <Modulator_Sine_Generator>. This FF/Latch will be trimmed during the optimization process.
WARNING:Xst:1293 - FF/Latch <PHASE_VALUE_2> has a constant value of 0 in block <Modulator_Sine_Generator>. This FF/Latch will be trimmed during the optimization process.
WARNING:Xst:1293 - FF/Latch <PHASE_VALUE_1> has a constant value of 0 in block <Modulator_Sine_Generator>. This FF/Latch will be trimmed during the optimization process.
WARNING:Xst:1293 - FF/Latch <PHASE_VALUE_0> has a constant value of 0 in block <Modulator_Sine_Generator>. This FF/Latch will be trimmed during the optimization process.
WARNING:Xst:1710 - FF/Latch <PRE_C_0> (without init value) has a constant value of 0 in block <Inst_Tone_Mixer>. This FF/Latch will be trimmed during the optimization process.
WARNING:Xst:1710 - FF/Latch <MULT_B_MIX_7> (without init value) has a constant value of 1 in block <Inst_Tone_Mixer>. This FF/Latch will be trimmed during the optimization process.
WARNING:Xst:1710 - FF/Latch <MULT_B_MIX_0> (without init value) has a constant value of 0 in block <Inst_Tone_Mixer>. This FF/Latch will be trimmed during the optimization process.
WARNING:Xst:2677 - Node <MULT_SELECT_24> of sequential type is unconnected in block <Inst_Tone_Mixer>.
WARNING:Xst:2404 -  FFs/Latches <PRE_C<7:0>> (without init value) have a constant value of 0 in block <Tone_Mixer>.

Synthesizing (advanced) Unit <Triangle_Ram>.
INFO:Xst:3044 - The ROM <Mrom__varindex0000> will be implemented as a read-only BLOCK RAM, absorbing the register: <OUTPUT_DATA>.
INFO:Xst:3225 - The RAM <Mrom__varindex0000> will be implemented as BLOCK RAM
    -----------------------------------------------------------------------
    | ram_type           | Block                               |          |
    -----------------------------------------------------------------------
    | Port A                                                              |
    |     aspect ratio   | 256-word x 8-bit                    |          |
    |     mode           | write-first                         |          |
    |     clkA           | connected to signal <CLOCK>         | rise     |
    |     weA            | connected to internal node          | high     |
    |     addrA          | connected to signal <READ_ADDRESS>  |          |
    |     diA            | connected to internal node          |          |
    |     doA            | connected to signal <OUTPUT_DATA>   |          |
    -----------------------------------------------------------------------
    | optimization       | speed                               |          |
    -----------------------------------------------------------------------
Unit <Triangle_Ram> synthesized (advanced).

Synthesizing (advanced) Unit <sine_ram>.
INFO:Xst:3044 - The ROM <Mrom__varindex0000> will be implemented as a read-only BLOCK RAM, absorbing the register: <OUTPUT_DATA>.
INFO:Xst:3225 - The RAM <Mrom__varindex0000> will be implemented as BLOCK RAM
    -----------------------------------------------------------------------
    | ram_type           | Block                               |          |
    -----------------------------------------------------------------------
    | Port A                                                              |
    |     aspect ratio   | 256-word x 8-bit                    |          |
    |     mode           | write-first                         |          |
    |     clkA           | connected to signal <CLOCK>         | rise     |
    |     weA            | connected to internal node          | high     |
    |     addrA          | connected to signal <READ_ADDRESS>  |          |
    |     diA            | connected to internal node          |          |
    |     doA            | connected to signal <OUTPUT_DATA>   |          |
    -----------------------------------------------------------------------
    | optimization       | speed                               |          |
    -----------------------------------------------------------------------
Unit <sine_ram> synthesized (advanced).
WARNING:Xst:2677 - Node <MULT_SELECT_24> of sequential type is unconnected in block <Tone_Mixer>.

=========================================================================
Advanced HDL Synthesis Report

Macro Statistics
# RAMs                                                 : 3
 256x8-bit single-port block RAM                       : 3
# Adders/Subtractors                                   : 13
 16-bit adder                                          : 3
 8-bit adder                                           : 8
 8-bit subtractor                                      : 2
# Counters                                             : 2
 8-bit up counter                                      : 2
# Accumulators                                         : 5
 8-bit up accumulator                                  : 5
# Registers                                            : 242
 Flip-Flops                                            : 242
# Comparators                                          : 3
 8-bit comparator equal                                : 2
 8-bit comparator greater                              : 1

=========================================================================

=========================================================================
*                         Low Level Synthesis                           *
=========================================================================
WARNING:Xst:1293 - FF/Latch <PHASE_VALUE_0> has a constant value of 0 in block <Square_Generator>. This FF/Latch will be trimmed during the optimization process.
WARNING:Xst:1896 - Due to other FF/Latch trimming, FF/Latch <PHASE_VALUE_1> has a constant value of 0 in block <Square_Generator>. This FF/Latch will be trimmed during the optimization process.
WARNING:Xst:1896 - Due to other FF/Latch trimming, FF/Latch <PHASE_VALUE_2> has a constant value of 0 in block <Square_Generator>. This FF/Latch will be trimmed during the optimization process.
WARNING:Xst:1896 - Due to other FF/Latch trimming, FF/Latch <PHASE_VALUE_3> has a constant value of 0 in block <Square_Generator>. This FF/Latch will be trimmed during the optimization process.
WARNING:Xst:1896 - Due to other FF/Latch trimming, FF/Latch <PHASE_VALUE_4> has a constant value of 0 in block <Square_Generator>. This FF/Latch will be trimmed during the optimization process.
WARNING:Xst:1896 - Due to other FF/Latch trimming, FF/Latch <PHASE_VALUE_5> has a constant value of 0 in block <Square_Generator>. This FF/Latch will be trimmed during the optimization process.
WARNING:Xst:1896 - Due to other FF/Latch trimming, FF/Latch <PHASE_VALUE_6> has a constant value of 0 in block <Square_Generator>. This FF/Latch will be trimmed during the optimization process.
WARNING:Xst:1896 - Due to other FF/Latch trimming, FF/Latch <PHASE_VALUE_7> has a constant value of 0 in block <Square_Generator>. This FF/Latch will be trimmed during the optimization process.
WARNING:Xst:1426 - The value init of the FF/Latch PHASE_VALUE_7 hinder the constant cleaning in the block Sawtooth_Generator.
   You should achieve better results by setting this init to 1.
WARNING:Xst:1293 - FF/Latch <PHASE_VALUE_0> has a constant value of 0 in block <Sawtooth_Generator>. This FF/Latch will be trimmed during the optimization process.
WARNING:Xst:1896 - Due to other FF/Latch trimming, FF/Latch <PHASE_VALUE_1> has a constant value of 0 in block <Sawtooth_Generator>. This FF/Latch will be trimmed during the optimization process.
WARNING:Xst:1896 - Due to other FF/Latch trimming, FF/Latch <PHASE_VALUE_2> has a constant value of 0 in block <Sawtooth_Generator>. This FF/Latch will be trimmed during the optimization process.
WARNING:Xst:1896 - Due to other FF/Latch trimming, FF/Latch <PHASE_VALUE_3> has a constant value of 0 in block <Sawtooth_Generator>. This FF/Latch will be trimmed during the optimization process.
WARNING:Xst:1896 - Due to other FF/Latch trimming, FF/Latch <PHASE_VALUE_4> has a constant value of 0 in block <Sawtooth_Generator>. This FF/Latch will be trimmed during the optimization process.
WARNING:Xst:1896 - Due to other FF/Latch trimming, FF/Latch <PHASE_VALUE_5> has a constant value of 0 in block <Sawtooth_Generator>. This FF/Latch will be trimmed during the optimization process.
WARNING:Xst:1896 - Due to other FF/Latch trimming, FF/Latch <PHASE_VALUE_6> has a constant value of 0 in block <Sawtooth_Generator>. This FF/Latch will be trimmed during the optimization process.
WARNING:Xst:1710 - FF/Latch <MULT_B_MIX_0> (without init value) has a constant value of 0 in block <Tone_Mixer>. This FF/Latch will be trimmed during the optimization process.
WARNING:Xst:1895 - Due to other FF/Latch trimming, FF/Latch <MULT_B_MIX_1> (without init value) has a constant value of 0 in block <Tone_Mixer>. This FF/Latch will be trimmed during the optimization process.
WARNING:Xst:1895 - Due to other FF/Latch trimming, FF/Latch <MULT_B_MIX_2> (without init value) has a constant value of 0 in block <Tone_Mixer>. This FF/Latch will be trimmed during the optimization process.
WARNING:Xst:1895 - Due to other FF/Latch trimming, FF/Latch <MULT_B_MIX_3> (without init value) has a constant value of 0 in block <Tone_Mixer>. This FF/Latch will be trimmed during the optimization process.
WARNING:Xst:1895 - Due to other FF/Latch trimming, FF/Latch <MULT_B_MIX_4> (without init value) has a constant value of 0 in block <Tone_Mixer>. This FF/Latch will be trimmed during the optimization process.
WARNING:Xst:1895 - Due to other FF/Latch trimming, FF/Latch <MULT_B_MIX_5> (without init value) has a constant value of 0 in block <Tone_Mixer>. This FF/Latch will be trimmed during the optimization process.
WARNING:Xst:1895 - Due to other FF/Latch trimming, FF/Latch <MULT_B_MIX_6> (without init value) has a constant value of 0 in block <Tone_Mixer>. This FF/Latch will be trimmed during the optimization process.
WARNING:Xst:1895 - Due to other FF/Latch trimming, FF/Latch <MULT_B_MIX_7> (without init value) has a constant value of 1 in block <Tone_Mixer>. This FF/Latch will be trimmed during the optimization process.
WARNING:Xst:1293 - FF/Latch <PHASE_VALUE_0> has a constant value of 0 in block <Triangle_Generator>. This FF/Latch will be trimmed during the optimization process.
WARNING:Xst:1896 - Due to other FF/Latch trimming, FF/Latch <PHASE_VALUE_1> has a constant value of 0 in block <Triangle_Generator>. This FF/Latch will be trimmed during the optimization process.
WARNING:Xst:1896 - Due to other FF/Latch trimming, FF/Latch <PHASE_VALUE_2> has a constant value of 0 in block <Triangle_Generator>. This FF/Latch will be trimmed during the optimization process.
WARNING:Xst:1896 - Due to other FF/Latch trimming, FF/Latch <PHASE_VALUE_3> has a constant value of 0 in block <Triangle_Generator>. This FF/Latch will be trimmed during the optimization process.
WARNING:Xst:1896 - Due to other FF/Latch trimming, FF/Latch <PHASE_VALUE_4> has a constant value of 0 in block <Triangle_Generator>. This FF/Latch will be trimmed during the optimization process.
WARNING:Xst:1896 - Due to other FF/Latch trimming, FF/Latch <PHASE_VALUE_5> has a constant value of 0 in block <Triangle_Generator>. This FF/Latch will be trimmed during the optimization process.
WARNING:Xst:1896 - Due to other FF/Latch trimming, FF/Latch <PHASE_VALUE_6> has a constant value of 0 in block <Triangle_Generator>. This FF/Latch will be trimmed during the optimization process.
WARNING:Xst:1896 - Due to other FF/Latch trimming, FF/Latch <PHASE_VALUE_7> has a constant value of 0 in block <Triangle_Generator>. This FF/Latch will be trimmed during the optimization process.
INFO:Xst:2261 - The FF/Latch <OUTPUT_1> in Unit <Square_Generator> is equivalent to the following 6 FFs/Latches, which will be removed : <OUTPUT_2> <OUTPUT_3> <OUTPUT_4> <OUTPUT_5> <OUTPUT_6> <OUTPUT_7> 
INFO:Xst:2261 - The FF/Latch <Inst_Sine_Generator/PHASE_VALUE_7> in Unit <Top_Level> is equivalent to the following 7 FFs/Latches, which will be removed : <Inst_Sine_Generator/PHASE_VALUE_6> <Inst_Sine_Generator/PHASE_VALUE_5> <Inst_Sine_Generator/PHASE_VALUE_4> <Inst_Sine_Generator/PHASE_VALUE_3> <Inst_Sine_Generator/PHASE_VALUE_2> <Inst_Sine_Generator/PHASE_VALUE_1> <Inst_Sine_Generator/PHASE_VALUE_0> 
INFO:Xst:2261 - The FF/Latch <Modulator_Sine_Generator/PHASE_VALUE_7> in Unit <Top_Level> is equivalent to the following 7 FFs/Latches, which will be removed : <Modulator_Sine_Generator/PHASE_VALUE_6> <Modulator_Sine_Generator/PHASE_VALUE_5> <Modulator_Sine_Generator/PHASE_VALUE_4> <Modulator_Sine_Generator/PHASE_VALUE_3> <Modulator_Sine_Generator/PHASE_VALUE_2> <Modulator_Sine_Generator/PHASE_VALUE_1> <Modulator_Sine_Generator/PHASE_VALUE_0> 
WARNING:Xst:1293 - FF/Latch <Inst_Sine_Generator/PHASE_VALUE_7> has a constant value of 0 in block <Top_Level>. This FF/Latch will be trimmed during the optimization process.
WARNING:Xst:1896 - Due to other FF/Latch trimming, FF/Latch <Modulator_Sine_Generator/PHASE_VALUE_7> has a constant value of 0 in block <Top_Level>. This FF/Latch will be trimmed during the optimization process.
INFO:Xst:2697 - Unit <Top_Level> : the RAMs <Inst_Sine_Generator/Inst_sine_ram/Mrom__varindex0000>, <Modulator_Sine_Generator/Inst_sine_ram/Mrom__varindex0000> are packed into the single block RAM <Inst_Sine_Generator/Inst_sine_ram/Mrom__varindex00001>
WARNING:Xst:1710 - FF/Latch <MULT_A_11> (without init value) has a constant value of 0 in block <Tone_Mixer>. This FF/Latch will be trimmed during the optimization process.
WARNING:Xst:1895 - Due to other FF/Latch trimming, FF/Latch <MULT_A_12> (without init value) has a constant value of 0 in block <Tone_Mixer>. This FF/Latch will be trimmed during the optimization process.
WARNING:Xst:1895 - Due to other FF/Latch trimming, FF/Latch <MULT_A_13> (without init value) has a constant value of 0 in block <Tone_Mixer>. This FF/Latch will be trimmed during the optimization process.
WARNING:Xst:1895 - Due to other FF/Latch trimming, FF/Latch <MULT_A_14> (without init value) has a constant value of 0 in block <Tone_Mixer>. This FF/Latch will be trimmed during the optimization process.
WARNING:Xst:1895 - Due to other FF/Latch trimming, FF/Latch <MULT_A_15> (without init value) has a constant value of 0 in block <Tone_Mixer>. This FF/Latch will be trimmed during the optimization process.
WARNING:Xst:1895 - Due to other FF/Latch trimming, FF/Latch <MULT_A_MIX_11> (without init value) has a constant value of 0 in block <Tone_Mixer>. This FF/Latch will be trimmed during the optimization process.
WARNING:Xst:1895 - Due to other FF/Latch trimming, FF/Latch <MULT_A_MIX_12> (without init value) has a constant value of 0 in block <Tone_Mixer>. This FF/Latch will be trimmed during the optimization process.
WARNING:Xst:1895 - Due to other FF/Latch trimming, FF/Latch <MULT_A_MIX_13> (without init value) has a constant value of 0 in block <Tone_Mixer>. This FF/Latch will be trimmed during the optimization process.
WARNING:Xst:1895 - Due to other FF/Latch trimming, FF/Latch <MULT_A_MIX_14> (without init value) has a constant value of 0 in block <Tone_Mixer>. This FF/Latch will be trimmed during the optimization process.
WARNING:Xst:1895 - Due to other FF/Latch trimming, FF/Latch <MULT_A_MIX_15> (without init value) has a constant value of 0 in block <Tone_Mixer>. This FF/Latch will be trimmed during the optimization process.
WARNING:Xst:1293 - FF/Latch <Inst_Sine_Generator/PHASE_DIFF_2> has a constant value of 0 in block <Top_Level>. This FF/Latch will be trimmed during the optimization process.
WARNING:Xst:1896 - Due to other FF/Latch trimming, FF/Latch <Inst_Sine_Generator/PHASE_DIFF_1> has a constant value of 0 in block <Top_Level>. This FF/Latch will be trimmed during the optimization process.
WARNING:Xst:1896 - Due to other FF/Latch trimming, FF/Latch <Inst_Sine_Generator/PHASE_DIFF_0> has a constant value of 0 in block <Top_Level>. This FF/Latch will be trimmed during the optimization process.
WARNING:Xst:1896 - Due to other FF/Latch trimming, FF/Latch <Modulator_Sine_Generator/PHASE_DIFF_7> has a constant value of 0 in block <Top_Level>. This FF/Latch will be trimmed during the optimization process.
WARNING:Xst:1896 - Due to other FF/Latch trimming, FF/Latch <Modulator_Sine_Generator/PHASE_DIFF_6> has a constant value of 0 in block <Top_Level>. This FF/Latch will be trimmed during the optimization process.
WARNING:Xst:1896 - Due to other FF/Latch trimming, FF/Latch <Modulator_Sine_Generator/PHASE_DIFF_5> has a constant value of 0 in block <Top_Level>. This FF/Latch will be trimmed during the optimization process.
WARNING:Xst:1896 - Due to other FF/Latch trimming, FF/Latch <Modulator_Sine_Generator/PHASE_DIFF_4> has a constant value of 0 in block <Top_Level>. This FF/Latch will be trimmed during the optimization process.
WARNING:Xst:1896 - Due to other FF/Latch trimming, FF/Latch <Modulator_Sine_Generator/PHASE_DIFF_3> has a constant value of 0 in block <Top_Level>. This FF/Latch will be trimmed during the optimization process.
WARNING:Xst:1896 - Due to other FF/Latch trimming, FF/Latch <Modulator_Sine_Generator/PHASE_DIFF_2> has a constant value of 0 in block <Top_Level>. This FF/Latch will be trimmed during the optimization process.
WARNING:Xst:1896 - Due to other FF/Latch trimming, FF/Latch <Modulator_Sine_Generator/PHASE_DIFF_1> has a constant value of 0 in block <Top_Level>. This FF/Latch will be trimmed during the optimization process.
WARNING:Xst:1896 - Due to other FF/Latch trimming, FF/Latch <Modulator_Sine_Generator/PHASE_DIFF_0> has a constant value of 0 in block <Top_Level>. This FF/Latch will be trimmed during the optimization process.
WARNING:Xst:1896 - Due to other FF/Latch trimming, FF/Latch <Inst_Triangle_Generator/PHASE_DIFF_7> has a constant value of 0 in block <Top_Level>. This FF/Latch will be trimmed during the optimization process.
WARNING:Xst:1896 - Due to other FF/Latch trimming, FF/Latch <Inst_Triangle_Generator/PHASE_DIFF_6> has a constant value of 0 in block <Top_Level>. This FF/Latch will be trimmed during the optimization process.
WARNING:Xst:1896 - Due to other FF/Latch trimming, FF/Latch <Inst_Triangle_Generator/PHASE_DIFF_5> has a constant value of 0 in block <Top_Level>. This FF/Latch will be trimmed during the optimization process.
WARNING:Xst:1896 - Due to other FF/Latch trimming, FF/Latch <Inst_Triangle_Generator/PHASE_DIFF_4> has a constant value of 0 in block <Top_Level>. This FF/Latch will be trimmed during the optimization process.
WARNING:Xst:1896 - Due to other FF/Latch trimming, FF/Latch <Inst_Triangle_Generator/PHASE_DIFF_3> has a constant value of 0 in block <Top_Level>. This FF/Latch will be trimmed during the optimization process.
WARNING:Xst:1896 - Due to other FF/Latch trimming, FF/Latch <Inst_Triangle_Generator/PHASE_DIFF_2> has a constant value of 0 in block <Top_Level>. This FF/Latch will be trimmed during the optimization process.
WARNING:Xst:1896 - Due to other FF/Latch trimming, FF/Latch <Inst_Triangle_Generator/PHASE_DIFF_1> has a constant value of 0 in block <Top_Level>. This FF/Latch will be trimmed during the optimization process.
WARNING:Xst:1896 - Due to other FF/Latch trimming, FF/Latch <Inst_Triangle_Generator/PHASE_DIFF_0> has a constant value of 0 in block <Top_Level>. This FF/Latch will be trimmed during the optimization process.
WARNING:Xst:1896 - Due to other FF/Latch trimming, FF/Latch <Inst_Square_Generator/PHASE_DIFF_7> has a constant value of 0 in block <Top_Level>. This FF/Latch will be trimmed during the optimization process.
WARNING:Xst:1896 - Due to other FF/Latch trimming, FF/Latch <Inst_Square_Generator/PHASE_DIFF_6> has a constant value of 0 in block <Top_Level>. This FF/Latch will be trimmed during the optimization process.
WARNING:Xst:1896 - Due to other FF/Latch trimming, FF/Latch <Inst_Square_Generator/PHASE_DIFF_5> has a constant value of 0 in block <Top_Level>. This FF/Latch will be trimmed during the optimization process.
WARNING:Xst:1896 - Due to other FF/Latch trimming, FF/Latch <Inst_Square_Generator/PHASE_DIFF_4> has a constant value of 0 in block <Top_Level>. This FF/Latch will be trimmed during the optimization process.
WARNING:Xst:1896 - Due to other FF/Latch trimming, FF/Latch <Inst_Square_Generator/PHASE_DIFF_3> has a constant value of 0 in block <Top_Level>. This FF/Latch will be trimmed during the optimization process.
WARNING:Xst:1896 - Due to other FF/Latch trimming, FF/Latch <Inst_Square_Generator/PHASE_DIFF_2> has a constant value of 0 in block <Top_Level>. This FF/Latch will be trimmed during the optimization process.
WARNING:Xst:1896 - Due to other FF/Latch trimming, FF/Latch <Inst_Square_Generator/PHASE_DIFF_1> has a constant value of 0 in block <Top_Level>. This FF/Latch will be trimmed during the optimization process.
WARNING:Xst:1896 - Due to other FF/Latch trimming, FF/Latch <Inst_Square_Generator/PHASE_DIFF_0> has a constant value of 0 in block <Top_Level>. This FF/Latch will be trimmed during the optimization process.
WARNING:Xst:1896 - Due to other FF/Latch trimming, FF/Latch <Inst_Sawtooth_Generator/PHASE_DIFF_6> has a constant value of 0 in block <Top_Level>. This FF/Latch will be trimmed during the optimization process.
WARNING:Xst:1896 - Due to other FF/Latch trimming, FF/Latch <Inst_Sawtooth_Generator/PHASE_DIFF_5> has a constant value of 0 in block <Top_Level>. This FF/Latch will be trimmed during the optimization process.
WARNING:Xst:1896 - Due to other FF/Latch trimming, FF/Latch <Inst_Sawtooth_Generator/PHASE_DIFF_4> has a constant value of 0 in block <Top_Level>. This FF/Latch will be trimmed during the optimization process.
WARNING:Xst:1896 - Due to other FF/Latch trimming, FF/Latch <Inst_Sawtooth_Generator/PHASE_DIFF_3> has a constant value of 0 in block <Top_Level>. This FF/Latch will be trimmed during the optimization process.
WARNING:Xst:1896 - Due to other FF/Latch trimming, FF/Latch <Inst_Sawtooth_Generator/PHASE_DIFF_2> has a constant value of 0 in block <Top_Level>. This FF/Latch will be trimmed during the optimization process.
WARNING:Xst:1896 - Due to other FF/Latch trimming, FF/Latch <Inst_Sawtooth_Generator/PHASE_DIFF_1> has a constant value of 0 in block <Top_Level>. This FF/Latch will be trimmed during the optimization process.
WARNING:Xst:1896 - Due to other FF/Latch trimming, FF/Latch <Inst_Sawtooth_Generator/PHASE_DIFF_0> has a constant value of 0 in block <Top_Level>. This FF/Latch will be trimmed during the optimization process.
WARNING:Xst:1896 - Due to other FF/Latch trimming, FF/Latch <Inst_Sine_Generator/PHASE_DIFF_7> has a constant value of 0 in block <Top_Level>. This FF/Latch will be trimmed during the optimization process.
WARNING:Xst:1896 - Due to other FF/Latch trimming, FF/Latch <Inst_Sine_Generator/PHASE_DIFF_6> has a constant value of 0 in block <Top_Level>. This FF/Latch will be trimmed during the optimization process.
WARNING:Xst:1896 - Due to other FF/Latch trimming, FF/Latch <Inst_Sine_Generator/PHASE_DIFF_5> has a constant value of 0 in block <Top_Level>. This FF/Latch will be trimmed during the optimization process.
WARNING:Xst:1896 - Due to other FF/Latch trimming, FF/Latch <Inst_Sine_Generator/PHASE_DIFF_4> has a constant value of 0 in block <Top_Level>. This FF/Latch will be trimmed during the optimization process.
WARNING:Xst:1896 - Due to other FF/Latch trimming, FF/Latch <Inst_Sine_Generator/PHASE_DIFF_3> has a constant value of 0 in block <Top_Level>. This FF/Latch will be trimmed during the optimization process.

Optimizing unit <Top_Level> ...

Optimizing unit <Tone_Mixer> ...
WARNING:Xst:2677 - Node <Inst_Square_Generator/OUTPUT_1> of sequential type is unconnected in block <Top_Level>.
WARNING:Xst:2677 - Node <Inst_Square_Generator/OUTPUT_0> of sequential type is unconnected in block <Top_Level>.
WARNING:Xst:2677 - Node <Inst_Triangle_Generator/Inst_Triangle_Ram/Mrom__varindex0000> of sequential type is unconnected in block <Top_Level>.
WARNING:Xst:2677 - Node <Inst_Triangle_Generator/POSITION_COUNTER_0> of sequential type is unconnected in block <Top_Level>.
WARNING:Xst:2677 - Node <Inst_Triangle_Generator/POSITION_COUNTER_1> of sequential type is unconnected in block <Top_Level>.
WARNING:Xst:2677 - Node <Inst_Triangle_Generator/POSITION_COUNTER_2> of sequential type is unconnected in block <Top_Level>.
WARNING:Xst:2677 - Node <Inst_Triangle_Generator/POSITION_COUNTER_3> of sequential type is unconnected in block <Top_Level>.
WARNING:Xst:2677 - Node <Inst_Triangle_Generator/POSITION_COUNTER_4> of sequential type is unconnected in block <Top_Level>.
WARNING:Xst:2677 - Node <Inst_Triangle_Generator/POSITION_COUNTER_5> of sequential type is unconnected in block <Top_Level>.
WARNING:Xst:2677 - Node <Inst_Triangle_Generator/POSITION_COUNTER_6> of sequential type is unconnected in block <Top_Level>.
WARNING:Xst:2677 - Node <Inst_Triangle_Generator/POSITION_COUNTER_7> of sequential type is unconnected in block <Top_Level>.
WARNING:Xst:2677 - Node <Inst_Square_Generator/COUNT_0> of sequential type is unconnected in block <Top_Level>.
WARNING:Xst:2677 - Node <Inst_Square_Generator/COUNT_1> of sequential type is unconnected in block <Top_Level>.
WARNING:Xst:2677 - Node <Inst_Square_Generator/COUNT_2> of sequential type is unconnected in block <Top_Level>.
WARNING:Xst:2677 - Node <Inst_Square_Generator/COUNT_3> of sequential type is unconnected in block <Top_Level>.
WARNING:Xst:2677 - Node <Inst_Square_Generator/COUNT_4> of sequential type is unconnected in block <Top_Level>.
WARNING:Xst:2677 - Node <Inst_Square_Generator/COUNT_5> of sequential type is unconnected in block <Top_Level>.
WARNING:Xst:2677 - Node <Inst_Square_Generator/COUNT_6> of sequential type is unconnected in block <Top_Level>.
WARNING:Xst:2677 - Node <Inst_Square_Generator/COUNT_7> of sequential type is unconnected in block <Top_Level>.

Mapping all equations...
Building and optimizing final netlist ...
Found area constraint ratio of 100 (+ 5) on block Top_Level, actual ratio is 5.

Final Macro Processing ...

=========================================================================
Final Register Report

Macro Statistics
# Registers                                            : 178
 Flip-Flops                                            : 178

=========================================================================

=========================================================================
*                           Partition Report                            *
=========================================================================

Partition Implementation Status
-------------------------------

  No Partitions were found in this design.

-------------------------------

=========================================================================
*                            Final Report                               *
=========================================================================
Final Results
RTL Top Level Output File Name     : Top_Level.ngr
Top Level Output File Name         : Top_Level
Output Format                      : NGC
Optimization Goal                  : Speed
Keep Hierarchy                     : No

Design Statistics
# IOs                              : 9

Cell Usage :
# BELS                             : 248
#      GND                         : 2
#      INV                         : 7
#      LUT1                        : 35
#      LUT2                        : 12
#      LUT3                        : 23
#      LUT4                        : 39
#      LUT4_D                      : 3
#      LUT4_L                      : 5
#      MUXCY                       : 60
#      MUXF5                       : 1
#      VCC                         : 2
#      XORCY                       : 59
# FlipFlops/Latches                : 194
#      FD                          : 51
#      FDCE                        : 16
#      FDE                         : 95
#      FDRE                        : 16
#      FDS                         : 16
# RAMS                             : 1
#      RAMB16_S9_S9                : 1
# Clock Buffers                    : 1
#      BUFGP                       : 1
# IO Buffers                       : 8
#      OBUF                        : 8
# MULTs                            : 1
#      MULT18X18SIO                : 1
=========================================================================

Device utilization summary:
---------------------------

Selected Device : 3s250evq100-5 

 Number of Slices:                      126  out of   2448     5%  
 Number of Slice Flip Flops:            194  out of   4896     3%  
 Number of 4 input LUTs:                124  out of   4896     2%  
 Number of IOs:                           9
 Number of bonded IOBs:                   9  out of     66    13%  
 Number of BRAMs:                         1  out of     12     8%  
 Number of MULT18X18SIOs:                 1  out of     12     8%  
 Number of GCLKs:                         1  out of     24     4%  

---------------------------
Partition Resource Summary:
---------------------------

  No Partitions were found in this design.

---------------------------


=========================================================================
TIMING REPORT

NOTE: THESE TIMING NUMBERS ARE ONLY A SYNTHESIS ESTIMATE.
      FOR ACCURATE TIMING INFORMATION PLEASE REFER TO THE TRACE REPORT
      GENERATED AFTER PLACE-and-ROUTE.

Clock Information:
------------------
-----------------------------------+------------------------+-------+
Clock Signal                       | Clock buffer(FF name)  | Load  |
-----------------------------------+------------------------+-------+
clk                                | BUFGP                  | 196   |
-----------------------------------+------------------------+-------+

Asynchronous Control Signals Information:
----------------------------------------
---------------------------------------------+---------------------------------------------+-------+
Control Signal                               | Buffer(FF name)                             | Load  |
---------------------------------------------+---------------------------------------------+-------+
Inst_Sine_Generator/PHASE_VALUE<0>(XST_GND:G)| NONE(Inst_Sine_Generator/POSITION_COUNTER_0)| 16    |
---------------------------------------------+---------------------------------------------+-------+

Timing Summary:
---------------
Speed Grade: -5

   Minimum period: 6.482ns (Maximum Frequency: 154.263MHz)
   Minimum input arrival time before clock: No path found
   Maximum output required time after clock: 4.040ns
   Maximum combinational path delay: No path found

Timing Detail:
--------------
All values displayed in nanoseconds (ns)

=========================================================================
Timing constraint: Default period analysis for Clock 'clk'
  Clock period: 6.482ns (frequency: 154.263MHz)
  Total number of paths / destination ports: 3706 / 378
-------------------------------------------------------------------------
Delay:               6.482ns (Levels of Logic = 12)
  Source:            Inst_Tone_Mixer/POST_B_1 (FF)
  Destination:       Inst_Tone_Mixer/MULT_A_MIX_9 (FF)
  Source Clock:      clk rising
  Destination Clock: clk rising

  Data Path: Inst_Tone_Mixer/POST_B_1 to Inst_Tone_Mixer/MULT_A_MIX_9
                                Gate     Net
    Cell:in->out      fanout   Delay   Delay  Logical Name (Net Name)
    ----------------------------------------  ------------
     FDE:C->Q              2   0.514   0.532  Inst_Tone_Mixer/POST_B_1 (Inst_Tone_Mixer/POST_B_1)
     LUT3:I0->O            1   0.612   0.360  Inst_Tone_Mixer/Madd_MULT_A_MIX_addsub0001C1 (Inst_Tone_Mixer/Madd_MULT_A_MIX_addsub0001C)
     LUT4:I3->O            1   0.612   0.000  Inst_Tone_Mixer/Madd_MULT_A_MIX_addsub0001_Madd_lut<2> (Inst_Tone_Mixer/Madd_MULT_A_MIX_addsub0001_Madd_lut<2>)
     MUXCY:S->O            1   0.404   0.000  Inst_Tone_Mixer/Madd_MULT_A_MIX_addsub0001_Madd_cy<2> (Inst_Tone_Mixer/Madd_MULT_A_MIX_addsub0001_Madd_cy<2>)
     MUXCY:CI->O           1   0.052   0.000  Inst_Tone_Mixer/Madd_MULT_A_MIX_addsub0001_Madd_cy<3> (Inst_Tone_Mixer/Madd_MULT_A_MIX_addsub0001_Madd_cy<3>)
     MUXCY:CI->O           1   0.052   0.000  Inst_Tone_Mixer/Madd_MULT_A_MIX_addsub0001_Madd_cy<4> (Inst_Tone_Mixer/Madd_MULT_A_MIX_addsub0001_Madd_cy<4>)
     MUXCY:CI->O           1   0.052   0.000  Inst_Tone_Mixer/Madd_MULT_A_MIX_addsub0001_Madd_cy<5> (Inst_Tone_Mixer/Madd_MULT_A_MIX_addsub0001_Madd_cy<5>)
     MUXCY:CI->O           1   0.052   0.000  Inst_Tone_Mixer/Madd_MULT_A_MIX_addsub0001_Madd_cy<6> (Inst_Tone_Mixer/Madd_MULT_A_MIX_addsub0001_Madd_cy<6>)
     MUXCY:CI->O           1   0.052   0.000  Inst_Tone_Mixer/Madd_MULT_A_MIX_addsub0001_Madd_cy<7> (Inst_Tone_Mixer/Madd_MULT_A_MIX_addsub0001_Madd_cy<7>)
     XORCY:CI->O           1   0.699   0.509  Inst_Tone_Mixer/Madd_MULT_A_MIX_addsub0001_Madd_xor<8> (Inst_Tone_Mixer/MULT_A_MIX_addsub0001<8>)
     LUT1:I0->O            1   0.612   0.000  Inst_Tone_Mixer/Madd_MULT_A_MIX_add0000_cy<8>_rt (Inst_Tone_Mixer/Madd_MULT_A_MIX_add0000_cy<8>_rt)
     MUXCY:S->O            1   0.404   0.000  Inst_Tone_Mixer/Madd_MULT_A_MIX_add0000_cy<8> (Inst_Tone_Mixer/Madd_MULT_A_MIX_add0000_cy<8>)
     XORCY:CI->O           1   0.699   0.000  Inst_Tone_Mixer/Madd_MULT_A_MIX_add0000_xor<9> (Inst_Tone_Mixer/MULT_A_MIX_add0000<9>)
     FDE:D                     0.268          Inst_Tone_Mixer/MULT_A_MIX_9
    ----------------------------------------
    Total                      6.482ns (5.082ns logic, 1.401ns route)
                                       (78.4% logic, 21.6% route)

=========================================================================
Timing constraint: Default OFFSET OUT AFTER for Clock 'clk'
  Total number of paths / destination ports: 8 / 8
-------------------------------------------------------------------------
Offset:              4.040ns (Levels of Logic = 1)
  Source:            SOUND_OUT_7 (FF)
  Destination:       SOUND_OUT<7> (PAD)
  Source Clock:      clk rising

  Data Path: SOUND_OUT_7 to SOUND_OUT<7>
                                Gate     Net
    Cell:in->out      fanout   Delay   Delay  Logical Name (Net Name)
    ----------------------------------------  ------------
     FD:C->Q               1   0.514   0.357  SOUND_OUT_7 (SOUND_OUT_7)
     OBUF:I->O                 3.169          SOUND_OUT_7_OBUF (SOUND_OUT<7>)
    ----------------------------------------
    Total                      4.040ns (3.683ns logic, 0.357ns route)
                                       (91.2% logic, 8.8% route)

=========================================================================


Total REAL time to Xst completion: 14.00 secs
Total CPU time to Xst completion: 13.63 secs
 
--> 


Total memory usage is 361740 kilobytes

Number of errors   :    0 (   0 filtered)
Number of warnings :  138 (   0 filtered)
Number of infos    :   44 (   0 filtered)

