Release 13.1 - xst O.40d (lin64)
Copyright (c) 1995-2011 Xilinx, Inc.  All rights reserved.
--> 
Parameter TMPDIR set to xst/projnav.tmp


Total REAL time to Xst completion: 0.00 secs
Total CPU time to Xst completion: 0.07 secs
 
--> 
Parameter xsthdpdir set to xst


Total REAL time to Xst completion: 0.00 secs
Total CPU time to Xst completion: 0.07 secs
 
--> 
Reading design: Top_Level.prj

TABLE OF CONTENTS
  1) Synthesis Options Summary
  2) HDL Compilation
  3) Design Hierarchy Analysis
  4) HDL Analysis
  5) HDL Synthesis
     5.1) HDL Synthesis Report
  6) Advanced HDL Synthesis
     6.1) Advanced HDL Synthesis Report
  7) Low Level Synthesis
  8) Partition Report
  9) Final Report
	9.1) Device utilization summary
	9.2) Partition Resource Summary
	9.3) TIMING REPORT


=========================================================================
*                      Synthesis Options Summary                        *
=========================================================================
---- Source Parameters
Input File Name                    : "Top_Level.prj"
Input Format                       : mixed
Ignore Synthesis Constraint File   : NO

---- Target Parameters
Output File Name                   : "Top_Level"
Output Format                      : NGC
Target Device                      : xc3s250e-5-vq100

---- Source Options
Top Module Name                    : Top_Level
Automatic FSM Extraction           : YES
FSM Encoding Algorithm             : Auto
Safe Implementation                : No
FSM Style                          : LUT
RAM Extraction                     : Yes
RAM Style                          : Auto
ROM Extraction                     : Yes
Mux Style                          : Auto
Decoder Extraction                 : YES
Priority Encoder Extraction        : Yes
Shift Register Extraction          : YES
Logical Shifter Extraction         : YES
XOR Collapsing                     : YES
ROM Style                          : Auto
Mux Extraction                     : Yes
Resource Sharing                   : YES
Asynchronous To Synchronous        : NO
Multiplier Style                   : LUT
Automatic Register Balancing       : No

---- Target Options
Add IO Buffers                     : YES
Global Maximum Fanout              : 100000
Add Generic Clock Buffer(BUFG)     : 24
Register Duplication               : YES
Slice Packing                      : YES
Optimize Instantiated Primitives   : NO
Use Clock Enable                   : Yes
Use Synchronous Set                : Yes
Use Synchronous Reset              : Yes
Pack IO Registers into IOBs        : Auto
Equivalent register Removal        : YES

---- General Options
Optimization Goal                  : Speed
Optimization Effort                : 1
Keep Hierarchy                     : No
Netlist Hierarchy                  : As_Optimized
RTL Output                         : Yes
Global Optimization                : AllClockNets
Read Cores                         : YES
Write Timing Constraints           : NO
Cross Clock Analysis               : NO
Hierarchy Separator                : /
Bus Delimiter                      : <>
Case Specifier                     : Maintain
Slice Utilization Ratio            : 100
BRAM Utilization Ratio             : 100
Verilog 2001                       : YES
Auto BRAM Packing                  : NO
Slice Utilization Ratio Delta      : 5

---- Other Options
Cores Search Directories           : {"ipcore_dir"  }

=========================================================================


=========================================================================
*                          HDL Compilation                              *
=========================================================================
Compiling vhdl file "/home/matt/Programming/VHDL/FpgaSequencer/Sequencer/Triangle_Ram.vhd" in Library work.
Architecture behavioral of Entity triangle_ram is up to date.
Compiling vhdl file "/home/matt/Programming/VHDL/FpgaSequencer/Sequencer/Sine_Ram.vhd" in Library work.
Architecture behavioral of Entity sine_ram is up to date.
Compiling vhdl file "/home/matt/Programming/VHDL/FpgaSequencer/Sequencer/Clock_Divider.vhd" in Library work.
Architecture behavioral of Entity clock_divider is up to date.
Compiling vhdl file "/home/matt/Programming/VHDL/FpgaSequencer/Sequencer/ipcore_dir/multiplier.vhd" in Library work.
Architecture multiplier_a of Entity multiplier is up to date.
Compiling vhdl file "/home/matt/Programming/VHDL/FpgaSequencer/Sequencer/dcm_42Mhz.vhd" in Library work.
Architecture behavioral of Entity dcm_42mhz is up to date.
Compiling vhdl file "/home/matt/Programming/VHDL/FpgaSequencer/Sequencer/Tone_Mixer.vhd" in Library work.
Architecture behavioral of Entity tone_mixer is up to date.
Compiling vhdl file "/home/matt/Programming/VHDL/FpgaSequencer/Sequencer/Envelope_Generator.vhd" in Library work.
Architecture behavioral of Entity envelope_generator is up to date.
Compiling vhdl file "/home/matt/Programming/VHDL/FpgaSequencer/Sequencer/Sine_Generator.vhd" in Library work.
Architecture behavioral of Entity sine_generator is up to date.
Compiling vhdl file "/home/matt/Programming/VHDL/FpgaSequencer/Sequencer/Square_Generator.vhd" in Library work.
Architecture behavioral of Entity square_generator is up to date.
Compiling vhdl file "/home/matt/Programming/VHDL/FpgaSequencer/Sequencer/Sawtooth_Generator.vhd" in Library work.
Architecture behavioral of Entity sawtooth_generator is up to date.
Compiling vhdl file "/home/matt/Programming/VHDL/FpgaSequencer/Sequencer/Triangle_Generator.vhd" in Library work.
Architecture behavioral of Entity triangle_generator is up to date.
Compiling vhdl file "/home/matt/Programming/VHDL/FpgaSequencer/Sequencer/Top_Level.vhd" in Library work.
Entity <top_level> compiled.
Entity <top_level> (Architecture <behavioral>) compiled.

=========================================================================
*                     Design Hierarchy Analysis                         *
=========================================================================
Analyzing hierarchy for entity <Top_Level> in library <work> (architecture <behavioral>).

Analyzing hierarchy for entity <dcm_42Mhz> in library <work> (architecture <behavioral>).

Analyzing hierarchy for entity <Clock_Divider> in library <work> (architecture <behavioral>).

Analyzing hierarchy for entity <Tone_Mixer> in library <work> (architecture <behavioral>).

Analyzing hierarchy for entity <Envelope_Generator> in library <work> (architecture <behavioral>).

Analyzing hierarchy for entity <Sine_Generator> in library <work> (architecture <behavioral>).

Analyzing hierarchy for entity <Square_Generator> in library <work> (architecture <behavioral>).

Analyzing hierarchy for entity <Sawtooth_Generator> in library <work> (architecture <behavioral>).

Analyzing hierarchy for entity <Triangle_Generator> in library <work> (architecture <behavioral>).

Analyzing hierarchy for entity <Clock_Divider> in library <work> (architecture <behavioral>).

Analyzing hierarchy for entity <sine_ram> in library <work> (architecture <behavioral>).

Analyzing hierarchy for entity <Triangle_Ram> in library <work> (architecture <behavioral>).


=========================================================================
*                            HDL Analysis                               *
=========================================================================
Analyzing Entity <Top_Level> in library <work> (Architecture <behavioral>).
WARNING:Xst:753 - "/home/matt/Programming/VHDL/FpgaSequencer/Sequencer/Top_Level.vhd" line 153: Unconnected output port 'CLKIN_IBUFG_OUT' of component 'dcm_42Mhz'.
WARNING:Xst:753 - "/home/matt/Programming/VHDL/FpgaSequencer/Sequencer/Top_Level.vhd" line 153: Unconnected output port 'CLK0_OUT' of component 'dcm_42Mhz'.
WARNING:Xst:753 - "/home/matt/Programming/VHDL/FpgaSequencer/Sequencer/Top_Level.vhd" line 153: Unconnected output port 'LOCKED_OUT' of component 'dcm_42Mhz'.
Entity <Top_Level> analyzed. Unit <Top_Level> generated.

Analyzing Entity <dcm_42Mhz> in library <work> (Architecture <behavioral>).
    Set user-defined property "CAPACITANCE =  DONT_CARE" for instance <CLKIN_IBUFG_INST> in unit <dcm_42Mhz>.
    Set user-defined property "IBUF_DELAY_VALUE =  0" for instance <CLKIN_IBUFG_INST> in unit <dcm_42Mhz>.
    Set user-defined property "IBUF_LOW_PWR =  TRUE" for instance <CLKIN_IBUFG_INST> in unit <dcm_42Mhz>.
    Set user-defined property "IOSTANDARD =  DEFAULT" for instance <CLKIN_IBUFG_INST> in unit <dcm_42Mhz>.
    Set user-defined property "CLKDV_DIVIDE =  2.0000000000000000" for instance <DCM_SP_INST> in unit <dcm_42Mhz>.
    Set user-defined property "CLKFX_DIVIDE =  16" for instance <DCM_SP_INST> in unit <dcm_42Mhz>.
    Set user-defined property "CLKFX_MULTIPLY =  21" for instance <DCM_SP_INST> in unit <dcm_42Mhz>.
    Set user-defined property "CLKIN_DIVIDE_BY_2 =  FALSE" for instance <DCM_SP_INST> in unit <dcm_42Mhz>.
    Set user-defined property "CLKIN_PERIOD =  31.2500000000000000" for instance <DCM_SP_INST> in unit <dcm_42Mhz>.
    Set user-defined property "CLKOUT_PHASE_SHIFT =  NONE" for instance <DCM_SP_INST> in unit <dcm_42Mhz>.
    Set user-defined property "CLK_FEEDBACK =  1X" for instance <DCM_SP_INST> in unit <dcm_42Mhz>.
    Set user-defined property "DESKEW_ADJUST =  SYSTEM_SYNCHRONOUS" for instance <DCM_SP_INST> in unit <dcm_42Mhz>.
    Set user-defined property "DFS_FREQUENCY_MODE =  LOW" for instance <DCM_SP_INST> in unit <dcm_42Mhz>.
    Set user-defined property "DLL_FREQUENCY_MODE =  LOW" for instance <DCM_SP_INST> in unit <dcm_42Mhz>.
    Set user-defined property "DSS_MODE =  NONE" for instance <DCM_SP_INST> in unit <dcm_42Mhz>.
    Set user-defined property "DUTY_CYCLE_CORRECTION =  TRUE" for instance <DCM_SP_INST> in unit <dcm_42Mhz>.
    Set user-defined property "FACTORY_JF =  C080" for instance <DCM_SP_INST> in unit <dcm_42Mhz>.
    Set user-defined property "PHASE_SHIFT =  0" for instance <DCM_SP_INST> in unit <dcm_42Mhz>.
    Set user-defined property "STARTUP_WAIT =  FALSE" for instance <DCM_SP_INST> in unit <dcm_42Mhz>.
Entity <dcm_42Mhz> analyzed. Unit <dcm_42Mhz> generated.

Analyzing Entity <Clock_Divider> in library <work> (Architecture <behavioral>).
Entity <Clock_Divider> analyzed. Unit <Clock_Divider> generated.

Analyzing Entity <Tone_Mixer> in library <work> (Architecture <behavioral>).
WARNING:Xst:2211 - "/home/matt/Programming/VHDL/FpgaSequencer/Sequencer/Tone_Mixer.vhd" line 103: Instantiating black box module <multiplier>.
INFO:Xst:1561 - "/home/matt/Programming/VHDL/FpgaSequencer/Sequencer/Tone_Mixer.vhd" line 258: Mux is complete : default of case is discarded
INFO:Xst:2679 - Register <POST_A<15>> in unit <Tone_Mixer> has a constant value of 0 during circuit operation. The register is replaced by logic.
INFO:Xst:2679 - Register <POST_A<14>> in unit <Tone_Mixer> has a constant value of 0 during circuit operation. The register is replaced by logic.
INFO:Xst:2679 - Register <POST_A<13>> in unit <Tone_Mixer> has a constant value of 0 during circuit operation. The register is replaced by logic.
INFO:Xst:2679 - Register <POST_A<12>> in unit <Tone_Mixer> has a constant value of 0 during circuit operation. The register is replaced by logic.
INFO:Xst:2679 - Register <POST_A<11>> in unit <Tone_Mixer> has a constant value of 0 during circuit operation. The register is replaced by logic.
INFO:Xst:2679 - Register <POST_A<10>> in unit <Tone_Mixer> has a constant value of 0 during circuit operation. The register is replaced by logic.
INFO:Xst:2679 - Register <POST_A<9>> in unit <Tone_Mixer> has a constant value of 0 during circuit operation. The register is replaced by logic.
INFO:Xst:2679 - Register <POST_A<8>> in unit <Tone_Mixer> has a constant value of 0 during circuit operation. The register is replaced by logic.
INFO:Xst:2679 - Register <POST_B<15>> in unit <Tone_Mixer> has a constant value of 0 during circuit operation. The register is replaced by logic.
INFO:Xst:2679 - Register <POST_B<14>> in unit <Tone_Mixer> has a constant value of 0 during circuit operation. The register is replaced by logic.
INFO:Xst:2679 - Register <POST_B<13>> in unit <Tone_Mixer> has a constant value of 0 during circuit operation. The register is replaced by logic.
INFO:Xst:2679 - Register <POST_B<12>> in unit <Tone_Mixer> has a constant value of 0 during circuit operation. The register is replaced by logic.
INFO:Xst:2679 - Register <POST_B<11>> in unit <Tone_Mixer> has a constant value of 0 during circuit operation. The register is replaced by logic.
INFO:Xst:2679 - Register <POST_B<10>> in unit <Tone_Mixer> has a constant value of 0 during circuit operation. The register is replaced by logic.
INFO:Xst:2679 - Register <POST_B<9>> in unit <Tone_Mixer> has a constant value of 0 during circuit operation. The register is replaced by logic.
INFO:Xst:2679 - Register <POST_B<8>> in unit <Tone_Mixer> has a constant value of 0 during circuit operation. The register is replaced by logic.
INFO:Xst:2679 - Register <POST_C<15>> in unit <Tone_Mixer> has a constant value of 0 during circuit operation. The register is replaced by logic.
INFO:Xst:2679 - Register <POST_C<14>> in unit <Tone_Mixer> has a constant value of 0 during circuit operation. The register is replaced by logic.
INFO:Xst:2679 - Register <POST_C<13>> in unit <Tone_Mixer> has a constant value of 0 during circuit operation. The register is replaced by logic.
INFO:Xst:2679 - Register <POST_C<12>> in unit <Tone_Mixer> has a constant value of 0 during circuit operation. The register is replaced by logic.
INFO:Xst:2679 - Register <POST_C<11>> in unit <Tone_Mixer> has a constant value of 0 during circuit operation. The register is replaced by logic.
INFO:Xst:2679 - Register <POST_C<10>> in unit <Tone_Mixer> has a constant value of 0 during circuit operation. The register is replaced by logic.
INFO:Xst:2679 - Register <POST_C<9>> in unit <Tone_Mixer> has a constant value of 0 during circuit operation. The register is replaced by logic.
INFO:Xst:2679 - Register <POST_C<8>> in unit <Tone_Mixer> has a constant value of 0 during circuit operation. The register is replaced by logic.
INFO:Xst:2679 - Register <POST_D<15>> in unit <Tone_Mixer> has a constant value of 0 during circuit operation. The register is replaced by logic.
INFO:Xst:2679 - Register <POST_D<14>> in unit <Tone_Mixer> has a constant value of 0 during circuit operation. The register is replaced by logic.
INFO:Xst:2679 - Register <POST_D<13>> in unit <Tone_Mixer> has a constant value of 0 during circuit operation. The register is replaced by logic.
INFO:Xst:2679 - Register <POST_D<12>> in unit <Tone_Mixer> has a constant value of 0 during circuit operation. The register is replaced by logic.
INFO:Xst:2679 - Register <POST_D<11>> in unit <Tone_Mixer> has a constant value of 0 during circuit operation. The register is replaced by logic.
INFO:Xst:2679 - Register <POST_D<10>> in unit <Tone_Mixer> has a constant value of 0 during circuit operation. The register is replaced by logic.
INFO:Xst:2679 - Register <POST_D<9>> in unit <Tone_Mixer> has a constant value of 0 during circuit operation. The register is replaced by logic.
INFO:Xst:2679 - Register <POST_D<8>> in unit <Tone_Mixer> has a constant value of 0 during circuit operation. The register is replaced by logic.
Entity <Tone_Mixer> analyzed. Unit <Tone_Mixer> generated.

Analyzing Entity <Envelope_Generator> in library <work> (Architecture <behavioral>).
Entity <Envelope_Generator> analyzed. Unit <Envelope_Generator> generated.

Analyzing Entity <Sine_Generator> in library <work> (Architecture <behavioral>).
Entity <Sine_Generator> analyzed. Unit <Sine_Generator> generated.

Analyzing Entity <sine_ram> in library <work> (Architecture <behavioral>).
Entity <sine_ram> analyzed. Unit <sine_ram> generated.

Analyzing Entity <Square_Generator> in library <work> (Architecture <behavioral>).
Entity <Square_Generator> analyzed. Unit <Square_Generator> generated.

Analyzing Entity <Sawtooth_Generator> in library <work> (Architecture <behavioral>).
Entity <Sawtooth_Generator> analyzed. Unit <Sawtooth_Generator> generated.

Analyzing Entity <Triangle_Generator> in library <work> (Architecture <behavioral>).
Entity <Triangle_Generator> analyzed. Unit <Triangle_Generator> generated.

Analyzing Entity <Triangle_Ram> in library <work> (Architecture <behavioral>).
Entity <Triangle_Ram> analyzed. Unit <Triangle_Ram> generated.


=========================================================================
*                           HDL Synthesis                               *
=========================================================================

Performing bidirectional port resolution...
INFO:Xst:2679 - Register <MOD_B_LEVEL> in unit <Tone_Mixer> has a constant value of 11111111 during circuit operation. The register is replaced by logic.
INFO:Xst:2679 - Register <MOD_A_LEVEL> in unit <Tone_Mixer> has a constant value of 11111111 during circuit operation. The register is replaced by logic.
INFO:Xst:2679 - Register <MULT_B_MIX> in unit <Tone_Mixer> has a constant value of 11111111 during circuit operation. The register is replaced by logic.
INFO:Xst:2679 - Register <PRE_B> in unit <Tone_Mixer> has a constant value of 00000000 during circuit operation. The register is replaced by logic.
INFO:Xst:2679 - Register <PRE_C> in unit <Tone_Mixer> has a constant value of 00000000 during circuit operation. The register is replaced by logic.
INFO:Xst:2679 - Register <PRE_D> in unit <Tone_Mixer> has a constant value of 00000000 during circuit operation. The register is replaced by logic.

Synthesizing Unit <Clock_Divider>.
    Related source file is "/home/matt/Programming/VHDL/FpgaSequencer/Sequencer/Clock_Divider.vhd".
    Found 1-bit register for signal <OUTPUT>.
    Found 8-bit up counter for signal <COUNTER>.
    Found 8-bit comparator equal for signal <COUNTER$cmp_eq0000> created at line 51.
    Summary:
	inferred   1 Counter(s).
	inferred   1 D-type flip-flop(s).
	inferred   1 Comparator(s).
Unit <Clock_Divider> synthesized.


Synthesizing Unit <Square_Generator>.
    Related source file is "/home/matt/Programming/VHDL/FpgaSequencer/Sequencer/Square_Generator.vhd".
    Found 8-bit register for signal <OUTPUT>.
    Found 8-bit up accumulator for signal <COUNT>.
    Found 8-bit adder for signal <COUNT$add0000>.
    Found 8-bit comparator greater for signal <OUTPUT$cmp_gt0000> created at line 58.
    Found 8-bit register for signal <PHASE_DIFF>.
    Found 8-bit adder for signal <PHASE_DIFF$sub0000> created at line 54.
    Found 8-bit register for signal <PHASE_VALUE>.
    Summary:
	inferred   1 Accumulator(s).
	inferred  24 D-type flip-flop(s).
	inferred   2 Adder/Subtractor(s).
	inferred   1 Comparator(s).
Unit <Square_Generator> synthesized.


Synthesizing Unit <Sawtooth_Generator>.
    Related source file is "/home/matt/Programming/VHDL/FpgaSequencer/Sequencer/Sawtooth_Generator.vhd".
    Found 8-bit up accumulator for signal <COUNTER>.
    Found 8-bit adder for signal <COUNTER$add0000>.
    Found 8-bit register for signal <PHASE_DIFF>.
    Found 8-bit adder for signal <PHASE_DIFF$sub0000> created at line 53.
    Found 8-bit register for signal <PHASE_VALUE>.
    Summary:
	inferred   1 Accumulator(s).
	inferred  16 D-type flip-flop(s).
	inferred   2 Adder/Subtractor(s).
Unit <Sawtooth_Generator> synthesized.


Synthesizing Unit <sine_ram>.
    Related source file is "/home/matt/Programming/VHDL/FpgaSequencer/Sequencer/Sine_Ram.vhd".
WARNING:Xst:1781 - Signal <RAM> is used but never assigned. Tied to default value.
    Found 256x8-bit ROM for signal <$varindex0000> created at line 49.
    Found 8-bit register for signal <OUTPUT_DATA>.
    Summary:
	inferred   1 ROM(s).
	inferred   8 D-type flip-flop(s).
Unit <sine_ram> synthesized.


Synthesizing Unit <Triangle_Ram>.
    Related source file is "/home/matt/Programming/VHDL/FpgaSequencer/Sequencer/Triangle_Ram.vhd".
WARNING:Xst:1781 - Signal <RAM> is used but never assigned. Tied to default value.
    Found 256x8-bit ROM for signal <$varindex0000> created at line 53.
    Found 8-bit register for signal <OUTPUT_DATA>.
    Summary:
	inferred   1 ROM(s).
	inferred   8 D-type flip-flop(s).
Unit <Triangle_Ram> synthesized.


Synthesizing Unit <dcm_42Mhz>.
    Related source file is "/home/matt/Programming/VHDL/FpgaSequencer/Sequencer/dcm_42Mhz.vhd".
Unit <dcm_42Mhz> synthesized.


Synthesizing Unit <Tone_Mixer>.
    Related source file is "/home/matt/Programming/VHDL/FpgaSequencer/Sequencer/Tone_Mixer.vhd".
WARNING:Xst:647 - Input <MODULATOR_B_LEVEL> is never used. This port will be preserved and left unconnected if it belongs to a top-level block or it belongs to a sub-block and the hierarchy of this sub-block is preserved.
WARNING:Xst:1780 - Signal <SELECT_SIGNAL> is never used or assigned. This unconnected signal will be trimmed during the optimization process.
WARNING:Xst:1780 - Signal <PRE_OUT> is never used or assigned. This unconnected signal will be trimmed during the optimization process.
WARNING:Xst:1780 - Signal <NUM_SIGNALS> is never used or assigned. This unconnected signal will be trimmed during the optimization process.
WARNING:Xst:1780 - Signal <MULT_OUT_MIX> is never used or assigned. This unconnected signal will be trimmed during the optimization process.
WARNING:Xst:646 - Signal <MULT_OUT<7:0>> is assigned but never used. This unconnected signal will be trimmed during the optimization process.
WARNING:Xst:1780 - Signal <MOD_B_OUT> is never used or assigned. This unconnected signal will be trimmed during the optimization process.
WARNING:Xst:1780 - Signal <MOD_A_OUT> is never used or assigned. This unconnected signal will be trimmed during the optimization process.
    Using one-hot encoding for signal <MULT_SELECT>.
    Found 8-bit register for signal <OUTPUT>.
    Found 8-bit register for signal <MOD_A_A>.
    Found 8-bit register for signal <MOD_A_B>.
    Found 8-bit register for signal <MOD_B_A>.
    Found 8-bit register for signal <MOD_B_B>.
    Found 16-bit register for signal <MULT_A>.
    Found 16-bit register for signal <MULT_A_MIX>.
    Found 16-bit adder for signal <MULT_A_MIX$add0000> created at line 185.
    Found 16-bit adder for signal <MULT_A_MIX$addsub0000> created at line 185.
    Found 16-bit adder for signal <MULT_A_MIX$addsub0001> created at line 185.
    Found 8-bit register for signal <MULT_B>.
    Found 26-bit register for signal <MULT_SELECT>.
    Found 8-bit register for signal <POST_A<7:0>>.
    Found 8-bit register for signal <POST_B<7:0>>.
    Found 8-bit register for signal <POST_C<7:0>>.
    Found 8-bit register for signal <POST_D<7:0>>.
    Found 8-bit register for signal <PRE_A>.
    Summary:
	inferred 146 D-type flip-flop(s).
	inferred   3 Adder/Subtractor(s).
Unit <Tone_Mixer> synthesized.


Synthesizing Unit <Envelope_Generator>.
    Related source file is "/home/matt/Programming/VHDL/FpgaSequencer/Sequencer/Envelope_Generator.vhd".
    Register <S> equivalent to <A> has been removed
    Register <R> equivalent to <D> has been removed
    Found finite state machine <FSM_0> for signal <ENVELOPE_POSITION>.
    -----------------------------------------------------------------------
    | States             | 5                                              |
    | Transitions        | 12                                             |
    | Inputs             | 7                                              |
    | Outputs            | 6                                              |
    | Clock              | CLOCK                     (rising_edge)        |
    | Clock enable       | CLOCK_ENABLE              (positive)           |
    | Power Up State     | 0000                                           |
    | Encoding           | automatic                                      |
    | Implementation     | LUT                                            |
    -----------------------------------------------------------------------
    Found 8-bit register for signal <OUTPUT>.
    Found 8-bit register for signal <A>.
    Found 8-bit register for signal <A_COUNTER>.
    Found 8-bit adder for signal <A_COUNTER$addsub0000> created at line 150.
    Found 18-bit up counter for signal <COUNTER>.
    Found 8-bit register for signal <D>.
    Found 8-bit register for signal <D_COUNTER>.
    Found 8-bit subtractor for signal <D_COUNTER$addsub0000> created at line 159.
    Found 8-bit comparator less for signal <ENVELOPE_POSITION$cmp_lt0000> created at line 160.
    Found 18-bit comparator less for signal <ENVELOPE_POSITION$cmp_lt0001> created at line 166.
    Found 8-bit register for signal <R_COUNTER>.
    Found 8-bit comparator less for signal <R_COUNTER$cmp_lt0000> created at line 113.
    Found 8-bit addsub for signal <R_COUNTER$share0000> created at line 128.
    Found 18-bit register for signal <S_END>.
    Found 18-bit adder for signal <S_END$addsub0000>.
    Found 8-bit comparator equal for signal <S_END$cmp_eq0000> created at line 114.
    Found 1-bit register for signal <S_END_SET>.
    Summary:
	inferred   1 Finite State Machine(s).
	inferred   1 Counter(s).
	inferred  67 D-type flip-flop(s).
	inferred   4 Adder/Subtractor(s).
	inferred   4 Comparator(s).
Unit <Envelope_Generator> synthesized.


Synthesizing Unit <Sine_Generator>.
    Related source file is "/home/matt/Programming/VHDL/FpgaSequencer/Sequencer/Sine_Generator.vhd".
WARNING:Xst:1780 - Signal <STEP_VALUE> is never used or assigned. This unconnected signal will be trimmed during the optimization process.
    Found 8-bit register for signal <PHASE_DIFF>.
    Found 8-bit subtractor for signal <PHASE_DIFF$sub0000> created at line 72.
    Found 8-bit register for signal <PHASE_VALUE>.
    Found 8-bit up accumulator for signal <POSITION_COUNTER>.
    Found 8-bit adder for signal <POSITION_COUNTER$add0000>.
    Summary:
	inferred   1 Accumulator(s).
	inferred  16 D-type flip-flop(s).
	inferred   2 Adder/Subtractor(s).
Unit <Sine_Generator> synthesized.


Synthesizing Unit <Triangle_Generator>.
    Related source file is "/home/matt/Programming/VHDL/FpgaSequencer/Sequencer/Triangle_Generator.vhd".
    Found 8-bit register for signal <PHASE_DIFF>.
    Found 8-bit adder for signal <PHASE_DIFF$sub0000> created at line 67.
    Found 8-bit register for signal <PHASE_VALUE>.
    Found 8-bit up accumulator for signal <POSITION_COUNTER>.
    Found 8-bit adder for signal <POSITION_COUNTER$add0000>.
    Summary:
	inferred   1 Accumulator(s).
	inferred  16 D-type flip-flop(s).
	inferred   2 Adder/Subtractor(s).
Unit <Triangle_Generator> synthesized.


Synthesizing Unit <Top_Level>.
    Related source file is "/home/matt/Programming/VHDL/FpgaSequencer/Sequencer/Top_Level.vhd".
WARNING:Xst:1780 - Signal <SOUND> is never used or assigned. This unconnected signal will be trimmed during the optimization process.
Unit <Top_Level> synthesized.

INFO:Xst:1767 - HDL ADVISOR - Resource sharing has identified that some arithmetic operations in this design can share the same physical resources for reduced device utilization. For improved clock frequency you may try to disable resource sharing.

=========================================================================
HDL Synthesis Report

Macro Statistics
# ROMs                                                 : 3
 256x8-bit ROM                                         : 3
# Adders/Subtractors                                   : 17
 16-bit adder                                          : 3
 18-bit adder                                          : 1
 8-bit adder                                           : 9
 8-bit addsub                                          : 1
 8-bit subtractor                                      : 3
# Counters                                             : 7
 18-bit up counter                                     : 1
 8-bit up counter                                      : 6
# Accumulators                                         : 5
 8-bit up accumulator                                  : 5
# Registers                                            : 85
 1-bit register                                        : 55
 16-bit register                                       : 1
 18-bit register                                       : 1
 26-bit register                                       : 1
 8-bit register                                        : 27
# Comparators                                          : 11
 18-bit comparator less                                : 1
 8-bit comparator equal                                : 7
 8-bit comparator greater                              : 1
 8-bit comparator less                                 : 2

=========================================================================

=========================================================================
*                       Advanced HDL Synthesis                          *
=========================================================================

Analyzing FSM <FSM_0> for best encoding.
Optimizing FSM <Inst_Envelope_Generator/ENVELOPE_POSITION/FSM> on signal <ENVELOPE_POSITION[1:3]> with gray encoding.
-------------------
 State | Encoding
-------------------
 0000  | 000
 0001  | 001
 0010  | 011
 0011  | 010
 0100  | 110
-------------------
Reading core <ipcore_dir/multiplier.ngc>.
Loading core <multiplier> for timing and area information for instance <your_instance_name>.
WARNING:Xst:1290 - Hierarchical block <Inst_Square_Generator> is unconnected in block <Top_Level>.
   It will be removed from the design.
WARNING:Xst:1290 - Hierarchical block <Inst_Sawtooth_Generator> is unconnected in block <Top_Level>.
   It will be removed from the design.
WARNING:Xst:1290 - Hierarchical block <Inst_Triangle_Generator> is unconnected in block <Top_Level>.
   It will be removed from the design.
INFO:Xst:2261 - The FF/Latch <A_0> in Unit <Inst_Envelope_Generator> is equivalent to the following 6 FFs/Latches, which will be removed : <A_1> <A_2> <A_3> <A_4> <A_5> <A_7> 
INFO:Xst:2261 - The FF/Latch <A_6> in Unit <Inst_Envelope_Generator> is equivalent to the following 8 FFs/Latches, which will be removed : <D_0> <D_1> <D_2> <D_3> <D_4> <D_5> <D_6> <D_7> 
WARNING:Xst:1293 - FF/Latch <PHASE_VALUE_7> has a constant value of 0 in block <Inst_Sine_Generator>. This FF/Latch will be trimmed during the optimization process.
WARNING:Xst:1293 - FF/Latch <PHASE_VALUE_6> has a constant value of 0 in block <Inst_Sine_Generator>. This FF/Latch will be trimmed during the optimization process.
WARNING:Xst:1293 - FF/Latch <PHASE_VALUE_5> has a constant value of 0 in block <Inst_Sine_Generator>. This FF/Latch will be trimmed during the optimization process.
WARNING:Xst:1293 - FF/Latch <PHASE_VALUE_4> has a constant value of 0 in block <Inst_Sine_Generator>. This FF/Latch will be trimmed during the optimization process.
WARNING:Xst:1293 - FF/Latch <PHASE_VALUE_3> has a constant value of 0 in block <Inst_Sine_Generator>. This FF/Latch will be trimmed during the optimization process.
WARNING:Xst:1293 - FF/Latch <PHASE_VALUE_2> has a constant value of 0 in block <Inst_Sine_Generator>. This FF/Latch will be trimmed during the optimization process.
WARNING:Xst:1293 - FF/Latch <PHASE_VALUE_1> has a constant value of 0 in block <Inst_Sine_Generator>. This FF/Latch will be trimmed during the optimization process.
WARNING:Xst:1293 - FF/Latch <PHASE_VALUE_0> has a constant value of 0 in block <Inst_Sine_Generator>. This FF/Latch will be trimmed during the optimization process.
WARNING:Xst:1293 - FF/Latch <PHASE_VALUE_7> has a constant value of 0 in block <Modulator_Sine_Generator>. This FF/Latch will be trimmed during the optimization process.
WARNING:Xst:1293 - FF/Latch <PHASE_VALUE_6> has a constant value of 0 in block <Modulator_Sine_Generator>. This FF/Latch will be trimmed during the optimization process.
WARNING:Xst:1293 - FF/Latch <PHASE_VALUE_5> has a constant value of 0 in block <Modulator_Sine_Generator>. This FF/Latch will be trimmed during the optimization process.
WARNING:Xst:1293 - FF/Latch <PHASE_VALUE_4> has a constant value of 0 in block <Modulator_Sine_Generator>. This FF/Latch will be trimmed during the optimization process.
WARNING:Xst:1293 - FF/Latch <PHASE_VALUE_3> has a constant value of 0 in block <Modulator_Sine_Generator>. This FF/Latch will be trimmed during the optimization process.
WARNING:Xst:1293 - FF/Latch <PHASE_VALUE_2> has a constant value of 0 in block <Modulator_Sine_Generator>. This FF/Latch will be trimmed during the optimization process.
WARNING:Xst:1293 - FF/Latch <PHASE_VALUE_1> has a constant value of 0 in block <Modulator_Sine_Generator>. This FF/Latch will be trimmed during the optimization process.
WARNING:Xst:1293 - FF/Latch <PHASE_VALUE_0> has a constant value of 0 in block <Modulator_Sine_Generator>. This FF/Latch will be trimmed during the optimization process.
WARNING:Xst:1710 - FF/Latch <A_6> (without init value) has a constant value of 1 in block <Inst_Envelope_Generator>. This FF/Latch will be trimmed during the optimization process.
WARNING:Xst:1710 - FF/Latch <A_0> (without init value) has a constant value of 0 in block <Inst_Envelope_Generator>. This FF/Latch will be trimmed during the optimization process.
WARNING:Xst:2677 - Node <MULT_SELECT_25> of sequential type is unconnected in block <Inst_Tone_Mixer>.
WARNING:Xst:2404 -  FFs/Latches <A<7:7>> (without init value) have a constant value of 0 in block <Envelope_Generator>.

Synthesizing (advanced) Unit <Triangle_Ram>.
INFO:Xst:3044 - The ROM <Mrom__varindex0000> will be implemented as a read-only BLOCK RAM, absorbing the register: <OUTPUT_DATA>.
INFO:Xst:3225 - The RAM <Mrom__varindex0000> will be implemented as BLOCK RAM
    -----------------------------------------------------------------------
    | ram_type           | Block                               |          |
    -----------------------------------------------------------------------
    | Port A                                                              |
    |     aspect ratio   | 256-word x 8-bit                    |          |
    |     mode           | write-first                         |          |
    |     clkA           | connected to signal <CLOCK>         | rise     |
    |     weA            | connected to internal node          | high     |
    |     addrA          | connected to signal <READ_ADDRESS>  |          |
    |     diA            | connected to internal node          |          |
    |     doA            | connected to signal <OUTPUT_DATA>   |          |
    -----------------------------------------------------------------------
    | optimization       | speed                               |          |
    -----------------------------------------------------------------------
Unit <Triangle_Ram> synthesized (advanced).

Synthesizing (advanced) Unit <sine_ram>.
INFO:Xst:3044 - The ROM <Mrom__varindex0000> will be implemented as a read-only BLOCK RAM, absorbing the register: <OUTPUT_DATA>.
INFO:Xst:3225 - The RAM <Mrom__varindex0000> will be implemented as BLOCK RAM
    -----------------------------------------------------------------------
    | ram_type           | Block                               |          |
    -----------------------------------------------------------------------
    | Port A                                                              |
    |     aspect ratio   | 256-word x 8-bit                    |          |
    |     mode           | write-first                         |          |
    |     clkA           | connected to signal <CLOCK>         | rise     |
    |     weA            | connected to internal node          | high     |
    |     addrA          | connected to signal <READ_ADDRESS>  |          |
    |     diA            | connected to internal node          |          |
    |     doA            | connected to signal <OUTPUT_DATA>   |          |
    -----------------------------------------------------------------------
    | optimization       | speed                               |          |
    -----------------------------------------------------------------------
Unit <sine_ram> synthesized (advanced).
WARNING:Xst:2677 - Node <MULT_SELECT_25> of sequential type is unconnected in block <Tone_Mixer>.

=========================================================================
Advanced HDL Synthesis Report

Macro Statistics
# FSMs                                                 : 1
# RAMs                                                 : 3
 256x8-bit single-port block RAM                       : 3
# Adders/Subtractors                                   : 17
 16-bit adder                                          : 3
 18-bit adder                                          : 1
 8-bit adder                                           : 9
 8-bit addsub                                          : 1
 8-bit subtractor                                      : 3
# Counters                                             : 7
 18-bit up counter                                     : 1
 8-bit up counter                                      : 6
# Accumulators                                         : 5
 8-bit up accumulator                                  : 5
# Registers                                            : 305
 Flip-Flops                                            : 305
# Comparators                                          : 11
 18-bit comparator less                                : 1
 8-bit comparator equal                                : 7
 8-bit comparator greater                              : 1
 8-bit comparator less                                 : 2

=========================================================================

=========================================================================
*                         Low Level Synthesis                           *
=========================================================================
WARNING:Xst:1989 - Unit <Envelope_Generator>: instances <Decay_Divider>, <Release_Divider> of unit <Clock_Divider> are equivalent, second instance is removed
WARNING:Xst:1293 - FF/Latch <PHASE_VALUE_0> has a constant value of 0 in block <Square_Generator>. This FF/Latch will be trimmed during the optimization process.
WARNING:Xst:1896 - Due to other FF/Latch trimming, FF/Latch <PHASE_VALUE_1> has a constant value of 0 in block <Square_Generator>. This FF/Latch will be trimmed during the optimization process.
WARNING:Xst:1896 - Due to other FF/Latch trimming, FF/Latch <PHASE_VALUE_2> has a constant value of 0 in block <Square_Generator>. This FF/Latch will be trimmed during the optimization process.
WARNING:Xst:1896 - Due to other FF/Latch trimming, FF/Latch <PHASE_VALUE_3> has a constant value of 0 in block <Square_Generator>. This FF/Latch will be trimmed during the optimization process.
WARNING:Xst:1896 - Due to other FF/Latch trimming, FF/Latch <PHASE_VALUE_4> has a constant value of 0 in block <Square_Generator>. This FF/Latch will be trimmed during the optimization process.
WARNING:Xst:1896 - Due to other FF/Latch trimming, FF/Latch <PHASE_VALUE_5> has a constant value of 0 in block <Square_Generator>. This FF/Latch will be trimmed during the optimization process.
WARNING:Xst:1896 - Due to other FF/Latch trimming, FF/Latch <PHASE_VALUE_6> has a constant value of 0 in block <Square_Generator>. This FF/Latch will be trimmed during the optimization process.
WARNING:Xst:1896 - Due to other FF/Latch trimming, FF/Latch <PHASE_VALUE_7> has a constant value of 0 in block <Square_Generator>. This FF/Latch will be trimmed during the optimization process.
WARNING:Xst:1426 - The value init of the FF/Latch PHASE_VALUE_7 hinder the constant cleaning in the block Sawtooth_Generator.
   You should achieve better results by setting this init to 1.
WARNING:Xst:1293 - FF/Latch <PHASE_VALUE_0> has a constant value of 0 in block <Sawtooth_Generator>. This FF/Latch will be trimmed during the optimization process.
WARNING:Xst:1896 - Due to other FF/Latch trimming, FF/Latch <PHASE_VALUE_1> has a constant value of 0 in block <Sawtooth_Generator>. This FF/Latch will be trimmed during the optimization process.
WARNING:Xst:1896 - Due to other FF/Latch trimming, FF/Latch <PHASE_VALUE_2> has a constant value of 0 in block <Sawtooth_Generator>. This FF/Latch will be trimmed during the optimization process.
WARNING:Xst:1896 - Due to other FF/Latch trimming, FF/Latch <PHASE_VALUE_3> has a constant value of 0 in block <Sawtooth_Generator>. This FF/Latch will be trimmed during the optimization process.
WARNING:Xst:1896 - Due to other FF/Latch trimming, FF/Latch <PHASE_VALUE_4> has a constant value of 0 in block <Sawtooth_Generator>. This FF/Latch will be trimmed during the optimization process.
WARNING:Xst:1896 - Due to other FF/Latch trimming, FF/Latch <PHASE_VALUE_5> has a constant value of 0 in block <Sawtooth_Generator>. This FF/Latch will be trimmed during the optimization process.
WARNING:Xst:1896 - Due to other FF/Latch trimming, FF/Latch <PHASE_VALUE_6> has a constant value of 0 in block <Sawtooth_Generator>. This FF/Latch will be trimmed during the optimization process.
WARNING:Xst:1710 - FF/Latch <D_0> (without init value) has a constant value of 1 in block <Envelope_Generator>. This FF/Latch will be trimmed during the optimization process.
WARNING:Xst:1895 - Due to other FF/Latch trimming, FF/Latch <D_1> (without init value) has a constant value of 1 in block <Envelope_Generator>. This FF/Latch will be trimmed during the optimization process.
WARNING:Xst:1895 - Due to other FF/Latch trimming, FF/Latch <D_2> (without init value) has a constant value of 1 in block <Envelope_Generator>. This FF/Latch will be trimmed during the optimization process.
WARNING:Xst:1895 - Due to other FF/Latch trimming, FF/Latch <D_3> (without init value) has a constant value of 1 in block <Envelope_Generator>. This FF/Latch will be trimmed during the optimization process.
WARNING:Xst:1895 - Due to other FF/Latch trimming, FF/Latch <D_4> (without init value) has a constant value of 1 in block <Envelope_Generator>. This FF/Latch will be trimmed during the optimization process.
WARNING:Xst:1895 - Due to other FF/Latch trimming, FF/Latch <D_5> (without init value) has a constant value of 1 in block <Envelope_Generator>. This FF/Latch will be trimmed during the optimization process.
WARNING:Xst:1895 - Due to other FF/Latch trimming, FF/Latch <D_6> (without init value) has a constant value of 1 in block <Envelope_Generator>. This FF/Latch will be trimmed during the optimization process.
WARNING:Xst:1895 - Due to other FF/Latch trimming, FF/Latch <D_7> (without init value) has a constant value of 1 in block <Envelope_Generator>. This FF/Latch will be trimmed during the optimization process.
WARNING:Xst:1895 - Due to other FF/Latch trimming, FF/Latch <A_0> (without init value) has a constant value of 0 in block <Envelope_Generator>. This FF/Latch will be trimmed during the optimization process.
WARNING:Xst:1895 - Due to other FF/Latch trimming, FF/Latch <A_1> (without init value) has a constant value of 0 in block <Envelope_Generator>. This FF/Latch will be trimmed during the optimization process.
WARNING:Xst:1895 - Due to other FF/Latch trimming, FF/Latch <A_2> (without init value) has a constant value of 0 in block <Envelope_Generator>. This FF/Latch will be trimmed during the optimization process.
WARNING:Xst:1895 - Due to other FF/Latch trimming, FF/Latch <A_3> (without init value) has a constant value of 0 in block <Envelope_Generator>. This FF/Latch will be trimmed during the optimization process.
WARNING:Xst:1895 - Due to other FF/Latch trimming, FF/Latch <A_4> (without init value) has a constant value of 0 in block <Envelope_Generator>. This FF/Latch will be trimmed during the optimization process.
WARNING:Xst:1895 - Due to other FF/Latch trimming, FF/Latch <A_5> (without init value) has a constant value of 0 in block <Envelope_Generator>. This FF/Latch will be trimmed during the optimization process.
WARNING:Xst:1895 - Due to other FF/Latch trimming, FF/Latch <A_6> (without init value) has a constant value of 1 in block <Envelope_Generator>. This FF/Latch will be trimmed during the optimization process.
WARNING:Xst:1293 - FF/Latch <PHASE_VALUE_0> has a constant value of 0 in block <Triangle_Generator>. This FF/Latch will be trimmed during the optimization process.
WARNING:Xst:1896 - Due to other FF/Latch trimming, FF/Latch <PHASE_VALUE_1> has a constant value of 0 in block <Triangle_Generator>. This FF/Latch will be trimmed during the optimization process.
WARNING:Xst:1896 - Due to other FF/Latch trimming, FF/Latch <PHASE_VALUE_2> has a constant value of 0 in block <Triangle_Generator>. This FF/Latch will be trimmed during the optimization process.
WARNING:Xst:1896 - Due to other FF/Latch trimming, FF/Latch <PHASE_VALUE_3> has a constant value of 0 in block <Triangle_Generator>. This FF/Latch will be trimmed during the optimization process.
WARNING:Xst:1896 - Due to other FF/Latch trimming, FF/Latch <PHASE_VALUE_4> has a constant value of 0 in block <Triangle_Generator>. This FF/Latch will be trimmed during the optimization process.
WARNING:Xst:1896 - Due to other FF/Latch trimming, FF/Latch <PHASE_VALUE_5> has a constant value of 0 in block <Triangle_Generator>. This FF/Latch will be trimmed during the optimization process.
WARNING:Xst:1896 - Due to other FF/Latch trimming, FF/Latch <PHASE_VALUE_6> has a constant value of 0 in block <Triangle_Generator>. This FF/Latch will be trimmed during the optimization process.
WARNING:Xst:1896 - Due to other FF/Latch trimming, FF/Latch <PHASE_VALUE_7> has a constant value of 0 in block <Triangle_Generator>. This FF/Latch will be trimmed during the optimization process.
INFO:Xst:2261 - The FF/Latch <OUTPUT_1> in Unit <Square_Generator> is equivalent to the following 6 FFs/Latches, which will be removed : <OUTPUT_2> <OUTPUT_3> <OUTPUT_4> <OUTPUT_5> <OUTPUT_6> <OUTPUT_7> 
WARNING:Xst:1710 - FF/Latch <MULT_A_11> (without init value) has a constant value of 0 in block <Tone_Mixer>. This FF/Latch will be trimmed during the optimization process.
WARNING:Xst:1895 - Due to other FF/Latch trimming, FF/Latch <MULT_A_12> (without init value) has a constant value of 0 in block <Tone_Mixer>. This FF/Latch will be trimmed during the optimization process.
WARNING:Xst:1895 - Due to other FF/Latch trimming, FF/Latch <MULT_A_13> (without init value) has a constant value of 0 in block <Tone_Mixer>. This FF/Latch will be trimmed during the optimization process.
WARNING:Xst:1895 - Due to other FF/Latch trimming, FF/Latch <MULT_A_14> (without init value) has a constant value of 0 in block <Tone_Mixer>. This FF/Latch will be trimmed during the optimization process.
WARNING:Xst:1895 - Due to other FF/Latch trimming, FF/Latch <MULT_A_15> (without init value) has a constant value of 0 in block <Tone_Mixer>. This FF/Latch will be trimmed during the optimization process.
WARNING:Xst:1895 - Due to other FF/Latch trimming, FF/Latch <MULT_A_MIX_11> (without init value) has a constant value of 0 in block <Tone_Mixer>. This FF/Latch will be trimmed during the optimization process.
WARNING:Xst:1895 - Due to other FF/Latch trimming, FF/Latch <MULT_A_MIX_12> (without init value) has a constant value of 0 in block <Tone_Mixer>. This FF/Latch will be trimmed during the optimization process.
WARNING:Xst:1895 - Due to other FF/Latch trimming, FF/Latch <MULT_A_MIX_13> (without init value) has a constant value of 0 in block <Tone_Mixer>. This FF/Latch will be trimmed during the optimization process.
WARNING:Xst:1895 - Due to other FF/Latch trimming, FF/Latch <MULT_A_MIX_14> (without init value) has a constant value of 0 in block <Tone_Mixer>. This FF/Latch will be trimmed during the optimization process.
WARNING:Xst:1895 - Due to other FF/Latch trimming, FF/Latch <MULT_A_MIX_15> (without init value) has a constant value of 0 in block <Tone_Mixer>. This FF/Latch will be trimmed during the optimization process.
WARNING:Xst:1293 - FF/Latch <Inst_Triangle_Generator/PHASE_DIFF_0> has a constant value of 0 in block <Top_Level>. This FF/Latch will be trimmed during the optimization process.
WARNING:Xst:1293 - FF/Latch <Inst_Triangle_Generator/PHASE_DIFF_1> has a constant value of 0 in block <Top_Level>. This FF/Latch will be trimmed during the optimization process.
WARNING:Xst:1293 - FF/Latch <Inst_Triangle_Generator/PHASE_DIFF_2> has a constant value of 0 in block <Top_Level>. This FF/Latch will be trimmed during the optimization process.
WARNING:Xst:1293 - FF/Latch <Inst_Triangle_Generator/PHASE_DIFF_3> has a constant value of 0 in block <Top_Level>. This FF/Latch will be trimmed during the optimization process.
WARNING:Xst:1293 - FF/Latch <Inst_Triangle_Generator/PHASE_DIFF_4> has a constant value of 0 in block <Top_Level>. This FF/Latch will be trimmed during the optimization process.
WARNING:Xst:1293 - FF/Latch <Inst_Triangle_Generator/PHASE_DIFF_5> has a constant value of 0 in block <Top_Level>. This FF/Latch will be trimmed during the optimization process.
WARNING:Xst:1293 - FF/Latch <Inst_Triangle_Generator/PHASE_DIFF_6> has a constant value of 0 in block <Top_Level>. This FF/Latch will be trimmed during the optimization process.
WARNING:Xst:1293 - FF/Latch <Inst_Triangle_Generator/PHASE_DIFF_7> has a constant value of 0 in block <Top_Level>. This FF/Latch will be trimmed during the optimization process.
WARNING:Xst:1293 - FF/Latch <Inst_Sawtooth_Generator/PHASE_DIFF_0> has a constant value of 0 in block <Top_Level>. This FF/Latch will be trimmed during the optimization process.
WARNING:Xst:1293 - FF/Latch <Inst_Sawtooth_Generator/PHASE_DIFF_1> has a constant value of 0 in block <Top_Level>. This FF/Latch will be trimmed during the optimization process.
WARNING:Xst:1293 - FF/Latch <Inst_Sawtooth_Generator/PHASE_DIFF_2> has a constant value of 0 in block <Top_Level>. This FF/Latch will be trimmed during the optimization process.
WARNING:Xst:1293 - FF/Latch <Inst_Sawtooth_Generator/PHASE_DIFF_3> has a constant value of 0 in block <Top_Level>. This FF/Latch will be trimmed during the optimization process.
WARNING:Xst:1293 - FF/Latch <Inst_Sawtooth_Generator/PHASE_DIFF_4> has a constant value of 0 in block <Top_Level>. This FF/Latch will be trimmed during the optimization process.
WARNING:Xst:1293 - FF/Latch <Inst_Sawtooth_Generator/PHASE_DIFF_5> has a constant value of 0 in block <Top_Level>. This FF/Latch will be trimmed during the optimization process.
WARNING:Xst:1293 - FF/Latch <Inst_Sawtooth_Generator/PHASE_DIFF_6> has a constant value of 0 in block <Top_Level>. This FF/Latch will be trimmed during the optimization process.
WARNING:Xst:1293 - FF/Latch <Inst_Square_Generator/PHASE_DIFF_0> has a constant value of 0 in block <Top_Level>. This FF/Latch will be trimmed during the optimization process.
WARNING:Xst:1293 - FF/Latch <Inst_Square_Generator/PHASE_DIFF_1> has a constant value of 0 in block <Top_Level>. This FF/Latch will be trimmed during the optimization process.
WARNING:Xst:1293 - FF/Latch <Inst_Square_Generator/PHASE_DIFF_2> has a constant value of 0 in block <Top_Level>. This FF/Latch will be trimmed during the optimization process.
WARNING:Xst:1293 - FF/Latch <Inst_Square_Generator/PHASE_DIFF_3> has a constant value of 0 in block <Top_Level>. This FF/Latch will be trimmed during the optimization process.
WARNING:Xst:1293 - FF/Latch <Inst_Square_Generator/PHASE_DIFF_4> has a constant value of 0 in block <Top_Level>. This FF/Latch will be trimmed during the optimization process.
WARNING:Xst:1293 - FF/Latch <Inst_Square_Generator/PHASE_DIFF_5> has a constant value of 0 in block <Top_Level>. This FF/Latch will be trimmed during the optimization process.
WARNING:Xst:1293 - FF/Latch <Inst_Square_Generator/PHASE_DIFF_6> has a constant value of 0 in block <Top_Level>. This FF/Latch will be trimmed during the optimization process.
WARNING:Xst:1293 - FF/Latch <Inst_Square_Generator/PHASE_DIFF_7> has a constant value of 0 in block <Top_Level>. This FF/Latch will be trimmed during the optimization process.

Optimizing unit <Top_Level> ...

Optimizing unit <Tone_Mixer> ...

Optimizing unit <Sine_Generator> ...
WARNING:Xst:1293 - FF/Latch <Inst_Sine_Generator/PHASE_VALUE_0> has a constant value of 0 in block <Top_Level>. This FF/Latch will be trimmed during the optimization process.
WARNING:Xst:1293 - FF/Latch <Inst_Sine_Generator/PHASE_VALUE_1> has a constant value of 0 in block <Top_Level>. This FF/Latch will be trimmed during the optimization process.
WARNING:Xst:1293 - FF/Latch <Inst_Sine_Generator/PHASE_VALUE_2> has a constant value of 0 in block <Top_Level>. This FF/Latch will be trimmed during the optimization process.
WARNING:Xst:1293 - FF/Latch <Inst_Sine_Generator/PHASE_VALUE_3> has a constant value of 0 in block <Top_Level>. This FF/Latch will be trimmed during the optimization process.
WARNING:Xst:1293 - FF/Latch <Inst_Sine_Generator/PHASE_VALUE_4> has a constant value of 0 in block <Top_Level>. This FF/Latch will be trimmed during the optimization process.
WARNING:Xst:1293 - FF/Latch <Inst_Sine_Generator/PHASE_VALUE_5> has a constant value of 0 in block <Top_Level>. This FF/Latch will be trimmed during the optimization process.
WARNING:Xst:1293 - FF/Latch <Inst_Sine_Generator/PHASE_VALUE_6> has a constant value of 0 in block <Top_Level>. This FF/Latch will be trimmed during the optimization process.
WARNING:Xst:1293 - FF/Latch <Inst_Sine_Generator/PHASE_VALUE_7> has a constant value of 0 in block <Top_Level>. This FF/Latch will be trimmed during the optimization process.
WARNING:Xst:1293 - FF/Latch <Modulator_Sine_Generator/PHASE_VALUE_7> has a constant value of 0 in block <Top_Level>. This FF/Latch will be trimmed during the optimization process.
WARNING:Xst:1293 - FF/Latch <Modulator_Sine_Generator/PHASE_VALUE_6> has a constant value of 0 in block <Top_Level>. This FF/Latch will be trimmed during the optimization process.
WARNING:Xst:1293 - FF/Latch <Modulator_Sine_Generator/PHASE_VALUE_5> has a constant value of 0 in block <Top_Level>. This FF/Latch will be trimmed during the optimization process.
WARNING:Xst:1293 - FF/Latch <Modulator_Sine_Generator/PHASE_VALUE_4> has a constant value of 0 in block <Top_Level>. This FF/Latch will be trimmed during the optimization process.
WARNING:Xst:1293 - FF/Latch <Modulator_Sine_Generator/PHASE_VALUE_3> has a constant value of 0 in block <Top_Level>. This FF/Latch will be trimmed during the optimization process.
WARNING:Xst:1293 - FF/Latch <Modulator_Sine_Generator/PHASE_VALUE_2> has a constant value of 0 in block <Top_Level>. This FF/Latch will be trimmed during the optimization process.
WARNING:Xst:1293 - FF/Latch <Modulator_Sine_Generator/PHASE_VALUE_1> has a constant value of 0 in block <Top_Level>. This FF/Latch will be trimmed during the optimization process.
WARNING:Xst:1293 - FF/Latch <Modulator_Sine_Generator/PHASE_VALUE_0> has a constant value of 0 in block <Top_Level>. This FF/Latch will be trimmed during the optimization process.
WARNING:Xst:1896 - Due to other FF/Latch trimming, FF/Latch <Modulator_Sine_Generator/PHASE_DIFF_0> has a constant value of 0 in block <Top_Level>. This FF/Latch will be trimmed during the optimization process.
WARNING:Xst:1896 - Due to other FF/Latch trimming, FF/Latch <Modulator_Sine_Generator/PHASE_DIFF_1> has a constant value of 0 in block <Top_Level>. This FF/Latch will be trimmed during the optimization process.
WARNING:Xst:1896 - Due to other FF/Latch trimming, FF/Latch <Modulator_Sine_Generator/PHASE_DIFF_2> has a constant value of 0 in block <Top_Level>. This FF/Latch will be trimmed during the optimization process.
WARNING:Xst:1896 - Due to other FF/Latch trimming, FF/Latch <Modulator_Sine_Generator/PHASE_DIFF_3> has a constant value of 0 in block <Top_Level>. This FF/Latch will be trimmed during the optimization process.
WARNING:Xst:1896 - Due to other FF/Latch trimming, FF/Latch <Modulator_Sine_Generator/PHASE_DIFF_4> has a constant value of 0 in block <Top_Level>. This FF/Latch will be trimmed during the optimization process.
WARNING:Xst:1896 - Due to other FF/Latch trimming, FF/Latch <Modulator_Sine_Generator/PHASE_DIFF_5> has a constant value of 0 in block <Top_Level>. This FF/Latch will be trimmed during the optimization process.
WARNING:Xst:1896 - Due to other FF/Latch trimming, FF/Latch <Modulator_Sine_Generator/PHASE_DIFF_6> has a constant value of 0 in block <Top_Level>. This FF/Latch will be trimmed during the optimization process.
WARNING:Xst:1896 - Due to other FF/Latch trimming, FF/Latch <Modulator_Sine_Generator/PHASE_DIFF_7> has a constant value of 0 in block <Top_Level>. This FF/Latch will be trimmed during the optimization process.
WARNING:Xst:1896 - Due to other FF/Latch trimming, FF/Latch <Inst_Sine_Generator/PHASE_DIFF_0> has a constant value of 0 in block <Top_Level>. This FF/Latch will be trimmed during the optimization process.
WARNING:Xst:1896 - Due to other FF/Latch trimming, FF/Latch <Inst_Sine_Generator/PHASE_DIFF_1> has a constant value of 0 in block <Top_Level>. This FF/Latch will be trimmed during the optimization process.
WARNING:Xst:1896 - Due to other FF/Latch trimming, FF/Latch <Inst_Sine_Generator/PHASE_DIFF_2> has a constant value of 0 in block <Top_Level>. This FF/Latch will be trimmed during the optimization process.
WARNING:Xst:1896 - Due to other FF/Latch trimming, FF/Latch <Inst_Sine_Generator/PHASE_DIFF_3> has a constant value of 0 in block <Top_Level>. This FF/Latch will be trimmed during the optimization process.
WARNING:Xst:1896 - Due to other FF/Latch trimming, FF/Latch <Inst_Sine_Generator/PHASE_DIFF_4> has a constant value of 0 in block <Top_Level>. This FF/Latch will be trimmed during the optimization process.
WARNING:Xst:1896 - Due to other FF/Latch trimming, FF/Latch <Inst_Sine_Generator/PHASE_DIFF_5> has a constant value of 0 in block <Top_Level>. This FF/Latch will be trimmed during the optimization process.
WARNING:Xst:1896 - Due to other FF/Latch trimming, FF/Latch <Inst_Sine_Generator/PHASE_DIFF_6> has a constant value of 0 in block <Top_Level>. This FF/Latch will be trimmed during the optimization process.
WARNING:Xst:1896 - Due to other FF/Latch trimming, FF/Latch <Inst_Sine_Generator/PHASE_DIFF_7> has a constant value of 0 in block <Top_Level>. This FF/Latch will be trimmed during the optimization process.
WARNING:Xst:2677 - Node <Inst_Square_Generator/OUTPUT_1> of sequential type is unconnected in block <Top_Level>.
WARNING:Xst:2677 - Node <Inst_Square_Generator/OUTPUT_0> of sequential type is unconnected in block <Top_Level>.
WARNING:Xst:2677 - Node <Inst_Sawtooth_Generator/PHASE_DIFF_7> of sequential type is unconnected in block <Top_Level>.
WARNING:Xst:2677 - Node <Inst_Sawtooth_Generator/PHASE_VALUE_7> of sequential type is unconnected in block <Top_Level>.
WARNING:Xst:2677 - Node <Inst_Triangle_Generator/Inst_Triangle_Ram/Mrom__varindex0000> of sequential type is unconnected in block <Top_Level>.
WARNING:Xst:2677 - Node <Inst_Square_Generator/COUNT_0> of sequential type is unconnected in block <Top_Level>.
WARNING:Xst:2677 - Node <Inst_Square_Generator/COUNT_1> of sequential type is unconnected in block <Top_Level>.
WARNING:Xst:2677 - Node <Inst_Square_Generator/COUNT_2> of sequential type is unconnected in block <Top_Level>.
WARNING:Xst:2677 - Node <Inst_Square_Generator/COUNT_3> of sequential type is unconnected in block <Top_Level>.
WARNING:Xst:2677 - Node <Inst_Square_Generator/COUNT_4> of sequential type is unconnected in block <Top_Level>.
WARNING:Xst:2677 - Node <Inst_Square_Generator/COUNT_5> of sequential type is unconnected in block <Top_Level>.
WARNING:Xst:2677 - Node <Inst_Square_Generator/COUNT_6> of sequential type is unconnected in block <Top_Level>.
WARNING:Xst:2677 - Node <Inst_Square_Generator/COUNT_7> of sequential type is unconnected in block <Top_Level>.
WARNING:Xst:2677 - Node <Inst_Sawtooth_Generator/COUNTER_0> of sequential type is unconnected in block <Top_Level>.
WARNING:Xst:2677 - Node <Inst_Sawtooth_Generator/COUNTER_1> of sequential type is unconnected in block <Top_Level>.
WARNING:Xst:2677 - Node <Inst_Sawtooth_Generator/COUNTER_2> of sequential type is unconnected in block <Top_Level>.
WARNING:Xst:2677 - Node <Inst_Sawtooth_Generator/COUNTER_3> of sequential type is unconnected in block <Top_Level>.
WARNING:Xst:2677 - Node <Inst_Sawtooth_Generator/COUNTER_4> of sequential type is unconnected in block <Top_Level>.
WARNING:Xst:2677 - Node <Inst_Sawtooth_Generator/COUNTER_5> of sequential type is unconnected in block <Top_Level>.
WARNING:Xst:2677 - Node <Inst_Sawtooth_Generator/COUNTER_6> of sequential type is unconnected in block <Top_Level>.
WARNING:Xst:2677 - Node <Inst_Sawtooth_Generator/COUNTER_7> of sequential type is unconnected in block <Top_Level>.
WARNING:Xst:2677 - Node <Inst_Triangle_Generator/POSITION_COUNTER_0> of sequential type is unconnected in block <Top_Level>.
WARNING:Xst:2677 - Node <Inst_Triangle_Generator/POSITION_COUNTER_1> of sequential type is unconnected in block <Top_Level>.
WARNING:Xst:2677 - Node <Inst_Triangle_Generator/POSITION_COUNTER_2> of sequential type is unconnected in block <Top_Level>.
WARNING:Xst:2677 - Node <Inst_Triangle_Generator/POSITION_COUNTER_3> of sequential type is unconnected in block <Top_Level>.
WARNING:Xst:2677 - Node <Inst_Triangle_Generator/POSITION_COUNTER_4> of sequential type is unconnected in block <Top_Level>.
WARNING:Xst:2677 - Node <Inst_Triangle_Generator/POSITION_COUNTER_5> of sequential type is unconnected in block <Top_Level>.
WARNING:Xst:2677 - Node <Inst_Triangle_Generator/POSITION_COUNTER_6> of sequential type is unconnected in block <Top_Level>.
WARNING:Xst:2677 - Node <Inst_Triangle_Generator/POSITION_COUNTER_7> of sequential type is unconnected in block <Top_Level>.

Mapping all equations...
Building and optimizing final netlist ...
Found area constraint ratio of 100 (+ 5) on block Top_Level, actual ratio is 10.
FlipFlop Inst_Envelope_Generator/ENVELOPE_POSITION_FSM_FFd3 has been replicated 1 time(s)

Final Macro Processing ...

=========================================================================
Final Register Report

Macro Statistics
# Registers                                            : 269
 Flip-Flops                                            : 269

=========================================================================

=========================================================================
*                           Partition Report                            *
=========================================================================

Partition Implementation Status
-------------------------------

  No Partitions were found in this design.

-------------------------------

=========================================================================
*                            Final Report                               *
=========================================================================
Final Results
RTL Top Level Output File Name     : Top_Level.ngr
Top Level Output File Name         : Top_Level
Output Format                      : NGC
Optimization Goal                  : Speed
Keep Hierarchy                     : No

Design Statistics
# IOs                              : 9

Cell Usage :
# BELS                             : 633
#      GND                         : 2
#      INV                         : 24
#      LUT1                        : 71
#      LUT2                        : 48
#      LUT2_D                      : 1
#      LUT2_L                      : 1
#      LUT3                        : 41
#      LUT3_D                      : 4
#      LUT3_L                      : 2
#      LUT4                        : 139
#      LUT4_D                      : 12
#      LUT4_L                      : 24
#      MUXCY                       : 127
#      MUXF5                       : 24
#      VCC                         : 2
#      XORCY                       : 111
# FlipFlops/Latches                : 285
#      FD                          : 44
#      FDCE                        : 16
#      FDE                         : 151
#      FDRE                        : 58
#      FDS                         : 15
#      FDSE                        : 1
# RAMS                             : 2
#      RAMB16_S9                   : 2
# Clock Buffers                    : 2
#      BUFG                        : 2
# IO Buffers                       : 9
#      IBUFG                       : 1
#      OBUF                        : 8
# DCMs                             : 1
#      DCM_SP                      : 1
# MULTs                            : 1
#      MULT18X18SIO                : 1
=========================================================================

Device utilization summary:
---------------------------

Selected Device : 3s250evq100-5 

 Number of Slices:                      246  out of   2448    10%  
 Number of Slice Flip Flops:            285  out of   4896     5%  
 Number of 4 input LUTs:                367  out of   4896     7%  
 Number of IOs:                           9
 Number of bonded IOBs:                   9  out of     66    13%  
 Number of BRAMs:                         2  out of     12    16%  
 Number of MULT18X18SIOs:                 1  out of     12     8%  
 Number of GCLKs:                         2  out of     24     8%  
 Number of DCMs:                          1  out of      4    25%  

---------------------------
Partition Resource Summary:
---------------------------

  No Partitions were found in this design.

---------------------------


=========================================================================
TIMING REPORT

NOTE: THESE TIMING NUMBERS ARE ONLY A SYNTHESIS ESTIMATE.
      FOR ACCURATE TIMING INFORMATION PLEASE REFER TO THE TRACE REPORT
      GENERATED AFTER PLACE-and-ROUTE.

Clock Information:
------------------
-----------------------------------+---------------------------------+-------+
Clock Signal                       | Clock buffer(FF name)           | Load  |
-----------------------------------+---------------------------------+-------+
clk                                | Inst_dcm_42Mhz/DCM_SP_INST:CLKFX| 288   |
-----------------------------------+---------------------------------+-------+

Asynchronous Control Signals Information:
----------------------------------------
-----------------------------------+---------------------------------------------+-------+
Control Signal                     | Buffer(FF name)                             | Load  |
-----------------------------------+---------------------------------------------+-------+
N0(XST_GND:G)                      | NONE(Inst_Sine_Generator/POSITION_COUNTER_0)| 16    |
-----------------------------------+---------------------------------------------+-------+

Timing Summary:
---------------
Speed Grade: -5

   Minimum period: 8.508ns (Maximum Frequency: 117.533MHz)
   Minimum input arrival time before clock: No path found
   Maximum output required time after clock: 4.040ns
   Maximum combinational path delay: No path found

Timing Detail:
--------------
All values displayed in nanoseconds (ns)

=========================================================================
Timing constraint: Default period analysis for Clock 'clk'
  Clock period: 8.508ns (frequency: 117.533MHz)
  Total number of paths / destination ports: 6254 / 610
-------------------------------------------------------------------------
Delay:               6.482ns (Levels of Logic = 12)
  Source:            Inst_Tone_Mixer/POST_B_1 (FF)
  Destination:       Inst_Tone_Mixer/MULT_A_MIX_9 (FF)
  Source Clock:      clk rising 1.3X
  Destination Clock: clk rising 1.3X

  Data Path: Inst_Tone_Mixer/POST_B_1 to Inst_Tone_Mixer/MULT_A_MIX_9
                                Gate     Net
    Cell:in->out      fanout   Delay   Delay  Logical Name (Net Name)
    ----------------------------------------  ------------
     FDE:C->Q              2   0.514   0.532  Inst_Tone_Mixer/POST_B_1 (Inst_Tone_Mixer/POST_B_1)
     LUT3:I0->O            1   0.612   0.360  Inst_Tone_Mixer/Madd_MULT_A_MIX_addsub0001C1 (Inst_Tone_Mixer/Madd_MULT_A_MIX_addsub0001C)
     LUT4:I3->O            1   0.612   0.000  Inst_Tone_Mixer/Madd_MULT_A_MIX_addsub0001_Madd_lut<2> (Inst_Tone_Mixer/Madd_MULT_A_MIX_addsub0001_Madd_lut<2>)
     MUXCY:S->O            1   0.404   0.000  Inst_Tone_Mixer/Madd_MULT_A_MIX_addsub0001_Madd_cy<2> (Inst_Tone_Mixer/Madd_MULT_A_MIX_addsub0001_Madd_cy<2>)
     MUXCY:CI->O           1   0.052   0.000  Inst_Tone_Mixer/Madd_MULT_A_MIX_addsub0001_Madd_cy<3> (Inst_Tone_Mixer/Madd_MULT_A_MIX_addsub0001_Madd_cy<3>)
     MUXCY:CI->O           1   0.052   0.000  Inst_Tone_Mixer/Madd_MULT_A_MIX_addsub0001_Madd_cy<4> (Inst_Tone_Mixer/Madd_MULT_A_MIX_addsub0001_Madd_cy<4>)
     MUXCY:CI->O           1   0.052   0.000  Inst_Tone_Mixer/Madd_MULT_A_MIX_addsub0001_Madd_cy<5> (Inst_Tone_Mixer/Madd_MULT_A_MIX_addsub0001_Madd_cy<5>)
     MUXCY:CI->O           1   0.052   0.000  Inst_Tone_Mixer/Madd_MULT_A_MIX_addsub0001_Madd_cy<6> (Inst_Tone_Mixer/Madd_MULT_A_MIX_addsub0001_Madd_cy<6>)
     MUXCY:CI->O           1   0.052   0.000  Inst_Tone_Mixer/Madd_MULT_A_MIX_addsub0001_Madd_cy<7> (Inst_Tone_Mixer/Madd_MULT_A_MIX_addsub0001_Madd_cy<7>)
     XORCY:CI->O           1   0.699   0.509  Inst_Tone_Mixer/Madd_MULT_A_MIX_addsub0001_Madd_xor<8> (Inst_Tone_Mixer/MULT_A_MIX_addsub0001<8>)
     LUT1:I0->O            1   0.612   0.000  Inst_Tone_Mixer/Madd_MULT_A_MIX_add0000_cy<8>_rt (Inst_Tone_Mixer/Madd_MULT_A_MIX_add0000_cy<8>_rt)
     MUXCY:S->O            1   0.404   0.000  Inst_Tone_Mixer/Madd_MULT_A_MIX_add0000_cy<8> (Inst_Tone_Mixer/Madd_MULT_A_MIX_add0000_cy<8>)
     XORCY:CI->O           1   0.699   0.000  Inst_Tone_Mixer/Madd_MULT_A_MIX_add0000_xor<9> (Inst_Tone_Mixer/MULT_A_MIX_add0000<9>)
     FDE:D                     0.268          Inst_Tone_Mixer/MULT_A_MIX_9
    ----------------------------------------
    Total                      6.482ns (5.082ns logic, 1.401ns route)
                                       (78.4% logic, 21.6% route)

=========================================================================
Timing constraint: Default OFFSET OUT AFTER for Clock 'clk'
  Total number of paths / destination ports: 8 / 8
-------------------------------------------------------------------------
Offset:              4.040ns (Levels of Logic = 1)
  Source:            Inst_Tone_Mixer/OUTPUT_7 (FF)
  Destination:       SOUND_OUT<7> (PAD)
  Source Clock:      clk rising 1.3X

  Data Path: Inst_Tone_Mixer/OUTPUT_7 to SOUND_OUT<7>
                                Gate     Net
    Cell:in->out      fanout   Delay   Delay  Logical Name (Net Name)
    ----------------------------------------  ------------
     FDE:C->Q              1   0.514   0.357  Inst_Tone_Mixer/OUTPUT_7 (Inst_Tone_Mixer/OUTPUT_7)
     OBUF:I->O                 3.169          SOUND_OUT_7_OBUF (SOUND_OUT<7>)
    ----------------------------------------
    Total                      4.040ns (3.683ns logic, 0.357ns route)
                                       (91.2% logic, 8.8% route)

=========================================================================


Total REAL time to Xst completion: 20.00 secs
Total CPU time to Xst completion: 19.98 secs
 
--> 


Total memory usage is 374208 kilobytes

Number of errors   :    0 (   0 filtered)
Number of warnings :  174 (   0 filtered)
Number of infos    :   47 (   0 filtered)

