AR dcm_42mhz behavioral /home/matt/Programming/VHDL/FpgaSequencer/Sequencer/dcm_42Mhz.vhd sub00/vhpl21 1306417537
AR clock_divider behavioral /home/matt/Programming/VHDL/FpgaSequencer/Sequencer/Clock_Divider.vhd sub00/vhpl07 1306417541
AR top_level behavioral /home/matt/Programming/VHDL/FpgaSequencer/Sequencer/Top_Level.vhd sub00/vhpl17 1306417551
EN triangle_ram NULL /home/matt/Programming/VHDL/FpgaSequencer/Sequencer/Triangle_Ram.vhd sub00/vhpl02 1306417530
EN clock_divider NULL /home/matt/Programming/VHDL/FpgaSequencer/Sequencer/Clock_Divider.vhd sub00/vhpl06 1306417540
AR triangle_generator behavioral /home/matt/Programming/VHDL/FpgaSequencer/Sequencer/Triangle_Generator.vhd sub00/vhpl15 1306417549
EN sine_ram NULL /home/matt/Programming/VHDL/FpgaSequencer/Sequencer/Sine_Ram.vhd sub00/vhpl04 1306417532
EN multiplier NULL /home/matt/Programming/VHDL/FpgaSequencer/Sequencer/ipcore_dir/multiplier.vhd sub00/vhpl18 1306417534
EN triangle_generator NULL /home/matt/Programming/VHDL/FpgaSequencer/Sequencer/Triangle_Generator.vhd sub00/vhpl14 1306417548
EN sine_generator NULL /home/matt/Programming/VHDL/FpgaSequencer/Sequencer/Sine_Generator.vhd sub00/vhpl00 1306417542
AR multiplier multiplier_a /home/matt/Programming/VHDL/FpgaSequencer/Sequencer/ipcore_dir/multiplier.vhd sub00/vhpl19 1306417535
AR sine_generator behavioral /home/matt/Programming/VHDL/FpgaSequencer/Sequencer/Sine_Generator.vhd sub00/vhpl01 1306417543
AR tone_mixer behavioral /home/matt/Programming/VHDL/FpgaSequencer/Sequencer/Tone_Mixer.vhd sub00/vhpl09 1306417539
AR sawtooth_generator behavioral /home/matt/Programming/VHDL/FpgaSequencer/Sequencer/Sawtooth_Generator.vhd sub00/vhpl13 1306417547
EN square_generator NULL /home/matt/Programming/VHDL/FpgaSequencer/Sequencer/Square_Generator.vhd sub00/vhpl10 1306417544
EN dcm_42mhz NULL /home/matt/Programming/VHDL/FpgaSequencer/Sequencer/dcm_42Mhz.vhd sub00/vhpl20 1306417536
AR sine_ram behavioral /home/matt/Programming/VHDL/FpgaSequencer/Sequencer/Sine_Ram.vhd sub00/vhpl05 1306417533
AR square_generator behavioral /home/matt/Programming/VHDL/FpgaSequencer/Sequencer/Square_Generator.vhd sub00/vhpl11 1306417545
EN tone_mixer NULL /home/matt/Programming/VHDL/FpgaSequencer/Sequencer/Tone_Mixer.vhd sub00/vhpl08 1306417538
EN sawtooth_generator NULL /home/matt/Programming/VHDL/FpgaSequencer/Sequencer/Sawtooth_Generator.vhd sub00/vhpl12 1306417546
AR triangle_ram behavioral /home/matt/Programming/VHDL/FpgaSequencer/Sequencer/Triangle_Ram.vhd sub00/vhpl03 1306417531
EN top_level NULL /home/matt/Programming/VHDL/FpgaSequencer/Sequencer/Top_Level.vhd sub00/vhpl16 1306417550
