AR clock_divider behavioral /home/matt/Programming/VHDL/sequencer/Sequencer/Clock_Divider.vhd sub00/vhpl07 1306185709
AR top_level behavioral /home/matt/Programming/VHDL/sequencer/Sequencer/Top_Level.vhd sub00/vhpl17 1306185721
EN triangle_ram NULL /home/matt/Programming/VHDL/sequencer/Sequencer/Triangle_Ram.vhd sub00/vhpl02 1306185704
EN clock_divider NULL /home/matt/Programming/VHDL/sequencer/Sequencer/Clock_Divider.vhd sub00/vhpl06 1306185708
AR triangle_generator behavioral /home/matt/Programming/VHDL/sequencer/Sequencer/Triangle_Generator.vhd sub00/vhpl15 1306185719
EN sine_ram NULL /home/matt/Programming/VHDL/sequencer/Sequencer/Sine_Ram.vhd sub00/vhpl04 1306185706
EN triangle_generator NULL /home/matt/Programming/VHDL/sequencer/Sequencer/Triangle_Generator.vhd sub00/vhpl14 1306185718
EN sine_generator NULL /home/matt/Programming/VHDL/sequencer/Sequencer/Sine_Generator.vhd sub00/vhpl00 1306185712
AR sine_generator behavioral /home/matt/Programming/VHDL/sequencer/Sequencer/Sine_Generator.vhd sub00/vhpl01 1306185713
AR tone_mixer behavioral /home/matt/Programming/VHDL/sequencer/Sequencer/Tone_Mixer.vhd sub00/vhpl09 1306185711
AR sawtooth_generator behavioral /home/matt/Programming/VHDL/sequencer/Sequencer/Sawtooth_Generator.vhd sub00/vhpl13 1306185717
EN square_generator NULL /home/matt/Programming/VHDL/sequencer/Sequencer/Square_Generator.vhd sub00/vhpl10 1306185714
AR sine_ram behavioral /home/matt/Programming/VHDL/sequencer/Sequencer/Sine_Ram.vhd sub00/vhpl05 1306185707
AR square_generator behavioral /home/matt/Programming/VHDL/sequencer/Sequencer/Square_Generator.vhd sub00/vhpl11 1306185715
EN tone_mixer NULL /home/matt/Programming/VHDL/sequencer/Sequencer/Tone_Mixer.vhd sub00/vhpl08 1306185710
EN sawtooth_generator NULL /home/matt/Programming/VHDL/sequencer/Sequencer/Sawtooth_Generator.vhd sub00/vhpl12 1306185716
AR triangle_ram behavioral /home/matt/Programming/VHDL/sequencer/Sequencer/Triangle_Ram.vhd sub00/vhpl03 1306185705
EN top_level NULL /home/matt/Programming/VHDL/sequencer/Sequencer/Top_Level.vhd sub00/vhpl16 1306185720
