V3 49
FL /home/matt/Documents/FPGA/Sequencer/Sine_Generator.vhd 2011/05/19.10:59:02 O.40d
FL /home/matt/Programming/VHDL/FpgaSequencer/Sequencer/Clock_Divider.vhd 2011/05/25.19:12:31 O.40d
EN work/Clock_Divider 1306347481 \
      FL /home/matt/Programming/VHDL/FpgaSequencer/Sequencer/Clock_Divider.vhd \
      PB ieee/std_logic_1164 1296775758 PB ieee/NUMERIC_STD 1296775759
AR work/Clock_Divider/Behavioral 1306347482 \
      FL /home/matt/Programming/VHDL/FpgaSequencer/Sequencer/Clock_Divider.vhd \
      EN work/Clock_Divider 1306347481
FL /home/matt/Programming/VHDL/FpgaSequencer/Sequencer/ipcore_dir/multiplier.vhd 2011/05/25.18:05:47 O.40d
EN work/multiplier 1306347477 \
      FL /home/matt/Programming/VHDL/FpgaSequencer/Sequencer/ipcore_dir/multiplier.vhd \
      PB ieee/std_logic_1164 1296775758
AR work/multiplier/multiplier_a 1306347478 \
      FL /home/matt/Programming/VHDL/FpgaSequencer/Sequencer/ipcore_dir/multiplier.vhd \
      EN work/multiplier 1306347477
FL /home/matt/Programming/VHDL/FpgaSequencer/Sequencer/Sawtooth_Generator.vhd 2011/05/25.18:05:47 O.40d
EN work/Sawtooth_Generator 1306347487 \
      FL /home/matt/Programming/VHDL/FpgaSequencer/Sequencer/Sawtooth_Generator.vhd \
      PB ieee/std_logic_1164 1296775758 PB ieee/NUMERIC_STD 1296775759
AR work/Sawtooth_Generator/Behavioral 1306347488 \
      FL /home/matt/Programming/VHDL/FpgaSequencer/Sequencer/Sawtooth_Generator.vhd \
      EN work/Sawtooth_Generator 1306347487
FL /home/matt/Programming/VHDL/FpgaSequencer/Sequencer/Sine_Generator.vhd 2011/05/25.18:05:47 O.40d
EN work/Sine_Generator 1306347483 \
      FL /home/matt/Programming/VHDL/FpgaSequencer/Sequencer/Sine_Generator.vhd \
      PB ieee/std_logic_1164 1296775758 PB ieee/NUMERIC_STD 1296775759
AR work/Sine_Generator/Behavioral 1306347484 \
      FL /home/matt/Programming/VHDL/FpgaSequencer/Sequencer/Sine_Generator.vhd \
      EN work/Sine_Generator 1306347483 CP sine_ram
FL /home/matt/Programming/VHDL/FpgaSequencer/Sequencer/Sine_Ram.vhd 2011/05/25.18:05:40 O.40d
EN work/sine_ram 1306347475 \
      FL /home/matt/Programming/VHDL/FpgaSequencer/Sequencer/Sine_Ram.vhd \
      PB ieee/std_logic_1164 1296775758 PB ieee/NUMERIC_STD 1296775759 \
      PB ieee/STD_LOGIC_UNSIGNED 1296775760
AR work/sine_ram/Behavioral 1306347476 \
      FL /home/matt/Programming/VHDL/FpgaSequencer/Sequencer/Sine_Ram.vhd \
      EN work/sine_ram 1306347475
FL /home/matt/Programming/VHDL/FpgaSequencer/Sequencer/Square_Generator.vhd 2011/05/25.18:05:47 O.40d
EN work/Square_Generator 1306347485 \
      FL /home/matt/Programming/VHDL/FpgaSequencer/Sequencer/Square_Generator.vhd \
      PB ieee/std_logic_1164 1296775758 PB ieee/NUMERIC_STD 1296775759
AR work/Square_Generator/Behavioral 1306347486 \
      FL /home/matt/Programming/VHDL/FpgaSequencer/Sequencer/Square_Generator.vhd \
      EN work/Square_Generator 1306347485
FL /home/matt/Programming/VHDL/FpgaSequencer/Sequencer/Tone_Mixer.vhd 2011/05/25.19:15:23 O.40d
EN work/Tone_Mixer 1306347479 \
      FL /home/matt/Programming/VHDL/FpgaSequencer/Sequencer/Tone_Mixer.vhd \
      PB ieee/std_logic_1164 1296775758 PB ieee/NUMERIC_STD 1296775759
AR work/Tone_Mixer/Behavioral 1306347480 \
      FL /home/matt/Programming/VHDL/FpgaSequencer/Sequencer/Tone_Mixer.vhd \
      EN work/Tone_Mixer 1306347479 CP multiplier
FL /home/matt/Programming/VHDL/FpgaSequencer/Sequencer/Top_Level.vhd 2011/05/25.19:17:45 O.40d
EN work/Top_Level 1306347491 \
      FL /home/matt/Programming/VHDL/FpgaSequencer/Sequencer/Top_Level.vhd \
      PB ieee/std_logic_1164 1296775758
AR work/Top_Level/Behavioral 1306347492 \
      FL /home/matt/Programming/VHDL/FpgaSequencer/Sequencer/Top_Level.vhd \
      EN work/Top_Level 1306347491 CP Tone_Mixer CP Clock_Divider CP Sine_Generator \
      CP Square_Generator CP Sawtooth_Generator CP Triangle_Generator
FL /home/matt/Programming/VHDL/FpgaSequencer/Sequencer/Triangle_Generator.vhd 2011/05/25.18:05:47 O.40d
EN work/Triangle_Generator 1306347489 \
      FL /home/matt/Programming/VHDL/FpgaSequencer/Sequencer/Triangle_Generator.vhd \
      PB ieee/std_logic_1164 1296775758 PB ieee/NUMERIC_STD 1296775759
AR work/Triangle_Generator/Behavioral 1306347490 \
      FL /home/matt/Programming/VHDL/FpgaSequencer/Sequencer/Triangle_Generator.vhd \
      EN work/Triangle_Generator 1306347489 CP Triangle_Ram
FL /home/matt/Programming/VHDL/FpgaSequencer/Sequencer/Triangle_Ram.vhd 2011/05/25.18:05:40 O.40d
EN work/Triangle_Ram 1306347473 \
      FL /home/matt/Programming/VHDL/FpgaSequencer/Sequencer/Triangle_Ram.vhd \
      PB ieee/std_logic_1164 1296775758 PB ieee/NUMERIC_STD 1296775759 \
      PB ieee/STD_LOGIC_UNSIGNED 1296775760
AR work/Triangle_Ram/Behavioral 1306347474 \
      FL /home/matt/Programming/VHDL/FpgaSequencer/Sequencer/Triangle_Ram.vhd \
      EN work/Triangle_Ram 1306347473
FL /home/matt/Programming/VHDL/sequencer/Sequencer/Clock_Divider.vhd 2011/05/23.20:45:26 O.40d
FL /home/matt/Programming/VHDL/sequencer/Sequencer/Sawtooth_Generator.vhd 2011/05/20.15:03:06 O.40d
FL /home/matt/Programming/VHDL/sequencer/Sequencer/Sine_Generator.vhd 2011/05/20.14:22:18 O.40d
FL /home/matt/Programming/VHDL/sequencer/Sequencer/Sine_Ram.vhd 2011/05/20.14:10:56 O.40d
FL /home/matt/Programming/VHDL/sequencer/Sequencer/Square_Generator.vhd 2011/05/20.14:50:34 O.40d
FL /home/matt/Programming/VHDL/sequencer/Sequencer/Tone_Mixer.vhd 2011/05/23.16:45:28 O.40d
FL /home/matt/Programming/VHDL/sequencer/Sequencer/Top_Level.vhd 2011/05/23.22:21:34 O.40d
FL /home/matt/Programming/VHDL/sequencer/Sequencer/Triangle_Generator.vhd 2011/05/20.16:08:48 O.40d
FL /home/matt/Programming/VHDL/sequencer/Sequencer/Triangle_Ram.vhd 2011/05/20.16:11:42 O.40d
