V3 38
FL /home/matt/Documents/FPGA/Sequencer/Sine_Generator.vhd 2011/05/19.10:59:02 O.40d
FL /home/matt/Programming/VHDL/sequencer/Sequencer/Clock_Divider.vhd 2011/05/23.20:45:26 O.40d
EN work/Clock_Divider 1306185708 \
      FL /home/matt/Programming/VHDL/sequencer/Sequencer/Clock_Divider.vhd \
      PB ieee/std_logic_1164 1296775758 PB ieee/NUMERIC_STD 1296775759
AR work/Clock_Divider/Behavioral 1306185709 \
      FL /home/matt/Programming/VHDL/sequencer/Sequencer/Clock_Divider.vhd \
      EN work/Clock_Divider 1306185708
FL /home/matt/Programming/VHDL/sequencer/Sequencer/Sawtooth_Generator.vhd 2011/05/20.15:03:06 O.40d
EN work/Sawtooth_Generator 1306185716 \
      FL /home/matt/Programming/VHDL/sequencer/Sequencer/Sawtooth_Generator.vhd \
      PB ieee/std_logic_1164 1296775758 PB ieee/NUMERIC_STD 1296775759
AR work/Sawtooth_Generator/Behavioral 1306185717 \
      FL /home/matt/Programming/VHDL/sequencer/Sequencer/Sawtooth_Generator.vhd \
      EN work/Sawtooth_Generator 1306185716
FL /home/matt/Programming/VHDL/sequencer/Sequencer/Sine_Generator.vhd 2011/05/20.14:22:18 O.40d
EN work/Sine_Generator 1306185712 \
      FL /home/matt/Programming/VHDL/sequencer/Sequencer/Sine_Generator.vhd \
      PB ieee/std_logic_1164 1296775758 PB ieee/NUMERIC_STD 1296775759
AR work/Sine_Generator/Behavioral 1306185713 \
      FL /home/matt/Programming/VHDL/sequencer/Sequencer/Sine_Generator.vhd \
      EN work/Sine_Generator 1306185712 CP sine_ram
FL /home/matt/Programming/VHDL/sequencer/Sequencer/Sine_Ram.vhd 2011/05/20.14:10:56 O.40d
EN work/sine_ram 1306185706 \
      FL /home/matt/Programming/VHDL/sequencer/Sequencer/Sine_Ram.vhd \
      PB ieee/std_logic_1164 1296775758 PB ieee/NUMERIC_STD 1296775759 \
      PB ieee/STD_LOGIC_UNSIGNED 1296775760
AR work/sine_ram/Behavioral 1306185707 \
      FL /home/matt/Programming/VHDL/sequencer/Sequencer/Sine_Ram.vhd \
      EN work/sine_ram 1306185706
FL /home/matt/Programming/VHDL/sequencer/Sequencer/Square_Generator.vhd 2011/05/20.14:50:34 O.40d
EN work/Square_Generator 1306185714 \
      FL /home/matt/Programming/VHDL/sequencer/Sequencer/Square_Generator.vhd \
      PB ieee/std_logic_1164 1296775758 PB ieee/NUMERIC_STD 1296775759
AR work/Square_Generator/Behavioral 1306185715 \
      FL /home/matt/Programming/VHDL/sequencer/Sequencer/Square_Generator.vhd \
      EN work/Square_Generator 1306185714
FL /home/matt/Programming/VHDL/sequencer/Sequencer/Tone_Mixer.vhd 2011/05/23.16:45:28 O.40d
EN work/Tone_Mixer 1306185710 \
      FL /home/matt/Programming/VHDL/sequencer/Sequencer/Tone_Mixer.vhd \
      PB ieee/std_logic_1164 1296775758 PB ieee/NUMERIC_STD 1296775759 LB UNISIM \
      PH unisim/VCOMPONENTS 1296775759
AR work/Tone_Mixer/Behavioral 1306185711 \
      FL /home/matt/Programming/VHDL/sequencer/Sequencer/Tone_Mixer.vhd \
      EN work/Tone_Mixer 1306185710 CP MULT18X18S
FL /home/matt/Programming/VHDL/sequencer/Sequencer/Top_Level.vhd 2011/05/23.22:21:34 O.40d
EN work/Top_Level 1306185720 \
      FL /home/matt/Programming/VHDL/sequencer/Sequencer/Top_Level.vhd \
      PB ieee/std_logic_1164 1296775758
AR work/Top_Level/Behavioral 1306185721 \
      FL /home/matt/Programming/VHDL/sequencer/Sequencer/Top_Level.vhd \
      EN work/Top_Level 1306185720 CP Clock_Divider CP Tone_Mixer CP Sine_Generator \
      CP Square_Generator CP Sawtooth_Generator CP Triangle_Generator
FL /home/matt/Programming/VHDL/sequencer/Sequencer/Triangle_Generator.vhd 2011/05/20.16:08:48 O.40d
EN work/Triangle_Generator 1306185718 \
      FL /home/matt/Programming/VHDL/sequencer/Sequencer/Triangle_Generator.vhd \
      PB ieee/std_logic_1164 1296775758 PB ieee/NUMERIC_STD 1296775759
AR work/Triangle_Generator/Behavioral 1306185719 \
      FL /home/matt/Programming/VHDL/sequencer/Sequencer/Triangle_Generator.vhd \
      EN work/Triangle_Generator 1306185718 CP Triangle_Ram
FL /home/matt/Programming/VHDL/sequencer/Sequencer/Triangle_Ram.vhd 2011/05/20.16:11:42 O.40d
EN work/Triangle_Ram 1306185704 \
      FL /home/matt/Programming/VHDL/sequencer/Sequencer/Triangle_Ram.vhd \
      PB ieee/std_logic_1164 1296775758 PB ieee/NUMERIC_STD 1296775759 \
      PB ieee/STD_LOGIC_UNSIGNED 1296775760
AR work/Triangle_Ram/Behavioral 1306185705 \
      FL /home/matt/Programming/VHDL/sequencer/Sequencer/Triangle_Ram.vhd \
      EN work/Triangle_Ram 1306185704
